Component: ARM Compiler 5.06 update 7 (build 960) Tool: armlink [4d3601]

==============================================================================

Section Cross References

    main.o(i.main) refers to _printf_percent.o(.ARM.Collect$$_printf_percent$$00000000) for _printf_percent
    main.o(i.main) refers to _printf_d.o(.ARM.Collect$$_printf_percent$$00000009) for _printf_d
    main.o(i.main) refers to _printf_dec.o(.text) for _printf_int_dec
    main.o(i.main) refers to _printf_f.o(.ARM.Collect$$_printf_percent$$00000003) for _printf_f
    main.o(i.main) refers to printf1.o(x$fpl$printf1) for _printf_fp_dec
    main.o(i.main) refers to stm32f1xx_hal.o(i.HAL_Init) for HAL_Init
    main.o(i.main) refers to sys.o(i.Stm32_Clock_Init) for Stm32_Clock_Init
    main.o(i.main) refers to delay.o(i.delay_init) for delay_init
    main.o(i.main) refers to usart.o(i.uart_init) for uart_init
    main.o(i.main) refers to exti.o(i.EXTI_Init) for EXTI_Init
    main.o(i.main) refers to adc.o(i.ADC1_Init) for ADC1_Init
    main.o(i.main) refers to gpio.o(i.GPIO_Init) for GPIO_Init
    main.o(i.main) refers to ad9854_hal.o(i.AD9854_SPI_GPIO_Init) for AD9854_SPI_GPIO_Init
    main.o(i.main) refers to ad9854_hal.o(i.AD9854_SPI_Init) for AD9854_SPI_Init
    main.o(i.main) refers to ad9854_hal.o(i.AD9854_SPI_SetSine) for AD9854_SPI_SetSine
    main.o(i.main) refers to noretval__2printf.o(.text) for __2printf
    main.o(i.main) refers to stm32f1xx_hal_gpio.o(i.HAL_GPIO_WritePin) for HAL_GPIO_WritePin
    main.o(i.main) refers to delay.o(i.delay_ms) for delay_ms
    main.o(i.main) refers to adc.o(i.Get_Adc_Average) for Get_Adc_Average
    main.o(i.main) refers to fflt_clz.o(x$fpl$ffltu) for __aeabi_ui2f
    main.o(i.main) refers to faddsub_clz.o(x$fpl$fadd) for __aeabi_fadd
    main.o(i.main) refers to fdiv.o(x$fpl$fdiv) for __aeabi_fdiv
    main.o(i.main) refers to dflt_clz.o(x$fpl$dfltu) for __aeabi_ui2d
    main.o(i.main) refers to daddsub_clz.o(x$fpl$drsb) for __aeabi_drsub
    main.o(i.main) refers to f2d.o(x$fpl$f2d) for __aeabi_f2d
    main.o(i.main) refers to ddiv.o(x$fpl$ddiv) for __aeabi_ddiv
    main.o(i.main) refers to dmul.o(x$fpl$dmul) for __aeabi_dmul
    main.o(i.main) refers to d2f.o(x$fpl$d2f) for __aeabi_d2f
    main.o(i.main) refers to main.o(i.trend_judge) for trend_judge
    main.o(i.main) refers to dleqf.o(x$fpl$dleqf) for __aeabi_cdcmple
    main.o(i.main) refers to fflt_clz.o(x$fpl$fflt) for __aeabi_i2f
    main.o(i.main) refers to main.o(.data) for Res
    main.o(i.main) refers to main.o(.bss) for ForwardAC
    main.o(i.main) refers to daddsub_clz.o(x$fpl$dsub) for __aeabi_dsub
    main.o(i.main) refers to drleqf.o(x$fpl$drleqf) for __aeabi_cdrcmple
    main.o(i.main) refers to fmul.o(x$fpl$fmul) for __aeabi_fmul
    main.o(i.main) refers to faddsub_clz.o(x$fpl$frsb) for __aeabi_frsub
    main.o(i.main) refers to sqrt.o(i.sqrt) for sqrt
    main.o(i.main) refers to faddsub_clz.o(x$fpl$fsub) for __aeabi_fsub
    main.o(i.trend_judge) refers to _printf_percent.o(.ARM.Collect$$_printf_percent$$00000000) for _printf_percent
    main.o(i.trend_judge) refers to _printf_d.o(.ARM.Collect$$_printf_percent$$00000009) for _printf_d
    main.o(i.trend_judge) refers to _printf_dec.o(.text) for _printf_int_dec
    main.o(i.trend_judge) refers to noretval__2printf.o(.text) for __2printf
    stm32f1xx_it.o(i.SysTick_Handler) refers to stm32f1xx_hal.o(i.HAL_IncTick) for HAL_IncTick
    system_stm32f1xx.o(i.SystemCoreClockUpdate) refers to system_stm32f1xx.o(.data) for SystemCoreClock
    system_stm32f1xx.o(i.SystemCoreClockUpdate) refers to system_stm32f1xx.o(.constdata) for AHBPrescTable
    usart.o(.rev16_text) refers (Special) to use_no_semi_2.o(.text) for __use_no_semihosting
    usart.o(.revsh_text) refers (Special) to use_no_semi_2.o(.text) for __use_no_semihosting
    usart.o(.rrx_text) refers (Special) to use_no_semi_2.o(.text) for __use_no_semihosting
    usart.o(i.HAL_UART_MspInit) refers (Special) to use_no_semi_2.o(.text) for __use_no_semihosting
    usart.o(i.HAL_UART_MspInit) refers to stm32f1xx_hal_gpio.o(i.HAL_GPIO_Init) for HAL_GPIO_Init
    usart.o(i.HAL_UART_MspInit) refers to stm32f1xx_hal_cortex.o(i.HAL_NVIC_EnableIRQ) for HAL_NVIC_EnableIRQ
    usart.o(i.HAL_UART_MspInit) refers to stm32f1xx_hal_cortex.o(i.HAL_NVIC_SetPriority) for HAL_NVIC_SetPriority
    usart.o(i.HAL_UART_RxCpltCallback) refers (Special) to use_no_semi_2.o(.text) for __use_no_semihosting
    usart.o(i.HAL_UART_RxCpltCallback) refers to usart.o(.data) for USART_RX_STA
    usart.o(i.HAL_UART_RxCpltCallback) refers to usart.o(.bss) for USART_RX_BUF
    usart.o(i.USART1_IRQHandler) refers (Special) to use_no_semi_2.o(.text) for __use_no_semihosting
    usart.o(i.USART1_IRQHandler) refers to stm32f1xx_hal_uart.o(i.HAL_UART_IRQHandler) for HAL_UART_IRQHandler
    usart.o(i.USART1_IRQHandler) refers to stm32f1xx_hal_uart.o(i.HAL_UART_GetState) for HAL_UART_GetState
[...]
    .ARM.Collect$$libshutdown$$00000002      0x080001ca   Section        0  libshutdown2.o(.ARM.Collect$$libshutdown$$00000002)
    .ARM.Collect$$libshutdown$$00000004      0x080001ca   Section        0  libshutdown2.o(.ARM.Collect$$libshutdown$$00000004)
    .ARM.Collect$$libshutdown$$00000006      0x080001ca   Section        0  libshutdown2.o(.ARM.Collect$$libshutdown$$00000006)
    .ARM.Collect$$libshutdown$$00000009      0x080001ca   Section        0  libshutdown2.o(.ARM.Collect$$libshutdown$$00000009)
    .ARM.Collect$$libshutdown$$0000000C      0x080001ca   Section        0  libshutdown2.o(.ARM.Collect$$libshutdown$$0000000C)
    .ARM.Collect$$libshutdown$$0000000E      0x080001ca   Section        0  libshutdown2.o(.ARM.Collect$$libshutdown$$0000000E)
    .ARM.Collect$$libshutdown$$00000011      0x080001ca   Section        0  libshutdown2.o(.ARM.Collect$$libshutdown$$00000011)
    .ARM.Collect$$libshutdown$$00000012      0x080001ca   Section        2  libshutdown2.o(.ARM.Collect$$libshutdown$$00000012)
    .ARM.Collect$$rtentry$$00000000          0x080001cc   Section        0  __rtentry.o(.ARM.Collect$$rtentry$$00000000)
    .ARM.Collect$$rtentry$$00000002          0x080001cc   Section        0  __rtentry2.o(.ARM.Collect$$rtentry$$00000002)
    .ARM.Collect$$rtentry$$00000004          0x080001cc   Section        6  __rtentry4.o(.ARM.Collect$$rtentry$$00000004)
    .ARM.Collect$$rtentry$$00000009          0x080001d2   Section        0  __rtentry2.o(.ARM.Collect$$rtentry$$00000009)
    .ARM.Collect$$rtentry$$0000000A          0x080001d2   Section        4  __rtentry2.o(.ARM.Collect$$rtentry$$0000000A)
    .ARM.Collect$$rtentry$$0000000C          0x080001d6   Section        0  __rtentry2.o(.ARM.Collect$$rtentry$$0000000C)
    .ARM.Collect$$rtentry$$0000000D          0x080001d6   Section        8  __rtentry2.o(.ARM.Collect$$rtentry$$0000000D)
    .ARM.Collect$$rtexit$$00000000           0x080001de   Section        2  rtexit.o(.ARM.Collect$$rtexit$$00000000)
    .ARM.Collect$$rtexit$$00000002           0x080001e0   Section        0  rtexit2.o(.ARM.Collect$$rtexit$$00000002)
    .ARM.Collect$$rtexit$$00000003           0x080001e0   Section        4  rtexit2.o(.ARM.Collect$$rtexit$$00000003)
    .ARM.Collect$$rtexit$$00000004           0x080001e4   Section        6  rtexit2.o(.ARM.Collect$$rtexit$$00000004)
    .text                                    0x080001ec   Section       64  startup_stm32f103xe.o(.text)
    .text                                    0x0800022c   Section        2  use_no_semi_2.o(.text)
    .text                                    0x08000230   Section        0  noretval__2printf.o(.text)
    .text                                    0x08000248   Section        0  __printf.o(.text)
    .text                                    0x080002b0   Section        0  _printf_dec.o(.text)
    .text                                    0x08000328   Section        0  heapauxi.o(.text)
    .text                                    0x0800032e   Section        2  use_no_semi.o(.text)
    .text                                    0x08000330   Section        0  _rserrno.o(.text)
    .text                                    0x08000346   Section        0  _printf_intcommon.o(.text)
    .text                                    0x080003f8   Section        0  _printf_fp_dec.o(.text)
    _fp_digits                               0x080003fb   Thumb Code   432  _printf_fp_dec.o(.text)
    .text                                    0x08000818   Section        0  _printf_char_file.o(.text)
    .text                                    0x0800083c   Section        8  rt_locale_intlibspace.o(.text)
    .text                                    0x08000844   Section        8  rt_errno_addr_intlibspace.o(.text)
    .text                                    0x0800084c   Section      138  lludiv10.o(.text)
    .text                                    0x080008d8   Section        0  _printf_char_common.o(.text)
    _printf_input_char                       0x080008d9   Thumb Code    10  _printf_char_common.o(.text)
    .text                                    0x08000908   Section        0  _printf_fp_infnan.o(.text)
    .text                                    0x08000988   Section        0  bigflt0.o(.text)
    .text                                    0x08000a6c   Section        0  ferror.o(.text)
    .text                                    0x08000a74   Section        8  libspace.o(.text)
    .text                                    0x08000a7c   Section       74  sys_stackheap_outer.o(.text)
    .text                                    0x08000ac6   Section        0  exit.o(.text)
    .text                                    0x08000ad8   Section      128  strcmpv7m.o(.text)
    CL$$btod_d2e                             0x08000b58   Section       62  btod.o(CL$$btod_d2e)
    CL$$btod_d2e_denorm_low                  0x08000b96   Section       70  btod.o(CL$$btod_d2e_denorm_low)
    CL$$btod_d2e_norm_op1                    0x08000bdc   Section       96  btod.o(CL$$btod_d2e_norm_op1)
    CL$$btod_div_common                      0x08000c3c   Section      824  btod.o(CL$$btod_div_common)
    CL$$btod_e2e                             0x08000f74   Section      220  btod.o(CL$$btod_e2e)
    CL$$btod_ediv                            0x08001050   Section       42  btod.o(CL$$btod_ediv)
    CL$$btod_emul                            0x0800107a   Section       42  btod.o(CL$$btod_emul)
    CL$$btod_mult_common                     0x080010a4   Section      580  btod.o(CL$$btod_mult_common)
    i.AD9854_SPI_GPIO_Init                   0x080012e8   Section        0  ad9854_hal.o(i.AD9854_SPI_GPIO_Init)
    i.AD9854_SPI_Init                        0x0800135c   Section        0  ad9854_hal.o(i.AD9854_SPI_Init)
    i.AD9854_SPI_SetSine                     0x080013e8   Section        0  ad9854_hal.o(i.AD9854_SPI_SetSine)
    i.AD9854_SPI_WR_Byte                     0x08001464   Section        0  ad9854_hal.o(i.AD9854_SPI_WR_Byte)
    i.ADC1_Init                              0x080014b4   Section        0  adc.o(i.ADC1_Init)
    i.ADC_ConversionStop_Disable             0x08001500   Section        0  stm32f1xx_hal_adc.o(i.ADC_ConversionStop_Disable)
    i.ADC_Enable                             0x08001554   Section        0  stm32f1xx_hal_adc.o(i.ADC_Enable)
    i.BusFault_Handler                       0x080015d8   Section        0  stm32f1xx_it.o(i.BusFault_Handler)
    i.DebugMon_Handler                       0x080015dc   Section        0  stm32f1xx_it.o(i.DebugMon_Handler)
    i.EXTI0_IRQHandler                       0x080015de   Section        0  exti.o(i.EXTI0_IRQHandler)
    i.EXTI2_IRQHandler                       0x080015e8   Section        0  exti.o(i.EXTI2_IRQHandler)
    i.EXTI3_IRQHandler                       0x080015f2   Section        0  exti.o(i.EXTI3_IRQHandler)
    i.EXTI4_IRQHandler                       0x080015fc   Section        0  exti.o(i.EXTI4_IRQHandler)
    i.EXTI_Init                              0x08001608   Section        0  exti.o(i.EXTI_Init)
    i.Freq_Convert                           0x080016a0   Section        0  ad9854_hal.o(i.Freq_Convert)
    i.GPIO_Init                              0x08001700   Section        0  gpio.o(i.GPIO_Init)
    i.Get_Adc                                0x0800175c   Section        0  adc.o(i.Get_Adc)
    i.Get_Adc_Average                        0x08001790   Section        0  adc.o(i.Get_Adc_Average)
    i.HAL_ADCEx_Calibration_Start            0x080017c0   Section        0  stm32f1xx_hal_adc_ex.o(i.HAL_ADCEx_Calibration_Start)
    i.HAL_ADC_ConfigChannel                  0x080018c4   Section        0  stm32f1xx_hal_adc.o(i.HAL_ADC_ConfigChannel)
    i.HAL_ADC_GetValue                       0x08001a88   Section        0  stm32f1xx_hal_adc.o(i.HAL_ADC_GetValue)
    i.HAL_ADC_Init                           0x08001a90   Section        0  stm32f1xx_hal_adc.o(i.HAL_ADC_Init)
    i.HAL_ADC_MspInit                        0x08001c14   Section        0  adc.o(i.HAL_ADC_MspInit)
    i.HAL_ADC_PollForConversion              0x08001ca0   Section        0  stm32f1xx_hal_adc.o(i.HAL_ADC_PollForConversion)
    i.HAL_ADC_Start                          0x08001e10   Section        0  stm32f1xx_hal_adc.o(i.HAL_ADC_Start)
    i.HAL_Delay                              0x08001f40   Section        0  stm32f1xx_hal.o(i.HAL_Delay)
    i.HAL_GPIO_EXTI_Callback                 0x08001f5c   Section        0  exti.o(i.HAL_GPIO_EXTI_Callback)
    i.HAL_GPIO_EXTI_IRQHandler               0x08001fe4   Section        0  stm32f1xx_hal_gpio.o(i.HAL_GPIO_EXTI_IRQHandler)
    i.HAL_GPIO_Init                          0x08002000   Section        0  stm32f1xx_hal_gpio.o(i.HAL_GPIO_Init)
    i.HAL_GPIO_ReadPin                       0x08002340   Section        0  stm32f1xx_hal_gpio.o(i.HAL_GPIO_ReadPin)
    i.HAL_GPIO_WritePin                      0x08002350   Section        0  stm32f1xx_hal_gpio.o(i.HAL_GPIO_WritePin)
    i.HAL_GetTick                            0x0800235c   Section        0  stm32f1xx_hal.o(i.HAL_GetTick)
    i.HAL_IncTick                            0x08002368   Section        0  stm32f1xx_hal.o(i.HAL_IncTick)
    i.HAL_Init                               0x08002378   Section        0  stm32f1xx_hal.o(i.HAL_Init)
    i.HAL_InitTick                           0x080023a0   Section        0  stm32f1xx_hal.o(i.HAL_InitTick)
    i.HAL_MspInit                            0x080023c4   Section        0  stm32f1xx_hal_msp.o(i.HAL_MspInit)
    i.HAL_NVIC_EnableIRQ                     0x080023c6   Section        0  stm32f1xx_hal_cortex.o(i.HAL_NVIC_EnableIRQ)
    i.HAL_NVIC_SetPriority                   0x080023e0   Section        0  stm32f1xx_hal_cortex.o(i.HAL_NVIC_SetPriority)
    i.HAL_NVIC_SetPriorityGrouping           0x0800245c   Section        0  stm32f1xx_hal_cortex.o(i.HAL_NVIC_SetPriorityGrouping)
    i.HAL_RCCEx_GetPeriphCLKFreq             0x08002484   Section        0  stm32f1xx_hal_rcc_ex.o(i.HAL_RCCEx_GetPeriphCLKFreq)
    i.HAL_RCCEx_PeriphCLKConfig              0x080025e8   Section        0  stm32f1xx_hal_rcc_ex.o(i.HAL_RCCEx_PeriphCLKConfig)
    i.HAL_RCC_ClockConfig                    0x08002764   Section        0  stm32f1xx_hal_rcc.o(i.HAL_RCC_ClockConfig)
    i.HAL_RCC_GetHCLKFreq                    0x080029fc   Section        0  stm32f1xx_hal_rcc.o(i.HAL_RCC_GetHCLKFreq)
    i.HAL_RCC_GetPCLK1Freq                   0x08002a08   Section        0  stm32f1xx_hal_rcc.o(i.HAL_RCC_GetPCLK1Freq)
    i.HAL_RCC_GetPCLK2Freq                   0x08002a34   Section        0  stm32f1xx_hal_rcc.o(i.HAL_RCC_GetPCLK2Freq)
    i.HAL_RCC_GetSysClockFreq                0x08002a60   Section        0  stm32f1xx_hal_rcc.o(i.HAL_RCC_GetSysClockFreq)
    i.HAL_RCC_OscConfig                      0x08002b14   Section        0  stm32f1xx_hal_rcc.o(i.HAL_RCC_OscConfig)
    i.HAL_SYSTICK_CLKSourceConfig            0x0800338c   Section        0  stm32f1xx_hal_cortex.o(i.HAL_SYSTICK_CLKSourceConfig)
    i.HAL_SYSTICK_Config                     0x080033b4   Section        0  stm32f1xx_hal_cortex.o(i.HAL_SYSTICK_Config)
    i.HAL_TIMEx_BreakCallback                0x080033e8   Section        0  stm32f1xx_hal_tim_ex.o(i.HAL_TIMEx_BreakCallback)
    i.HAL_TIMEx_CommutationCallback          0x080033ea   Section        0  stm32f1xx_hal_tim_ex.o(i.HAL_TIMEx_CommutationCallback)
    i.HAL_TIM_IC_CaptureCallback             0x080033ec   Section        0  stm32f1xx_hal_tim.o(i.HAL_TIM_IC_CaptureCallback)
    i.HAL_TIM_IRQHandler                     0x080033ee   Section        0  stm32f1xx_hal_tim.o(i.HAL_TIM_IRQHandler)
    i.HAL_TIM_OC_DelayElapsedCallback        0x08003584   Section        0  stm32f1xx_hal_tim.o(i.HAL_TIM_OC_DelayElapsedCallback)
    i.HAL_TIM_PWM_PulseFinishedCallback      0x08003586   Section        0  stm32f1xx_hal_tim.o(i.HAL_TIM_PWM_PulseFinishedCallback)
    i.HAL_TIM_PeriodElapsedCallback          0x08003588   Section        0  timer.o(i.HAL_TIM_PeriodElapsedCallback)
    i.HAL_TIM_TriggerCallback                0x08003598   Section        0  stm32f1xx_hal_tim.o(i.HAL_TIM_TriggerCallback)
    i.HAL_UART_ErrorCallback                 0x0800359a   Section        0  stm32f1xx_hal_uart.o(i.HAL_UART_ErrorCallback)
    i.HAL_UART_GetState                      0x0800359c   Section        0  stm32f1xx_hal_uart.o(i.HAL_UART_GetState)
    i.HAL_UART_IRQHandler                    0x080035a4   Section        0  stm32f1xx_hal_uart.o(i.HAL_UART_IRQHandler)
    i.HAL_UART_Init                          0x0800367e   Section        0  stm32f1xx_hal_uart.o(i.HAL_UART_Init)
    i.HAL_UART_MspInit                       0x080036ec   Section        0  usart.o(i.HAL_UART_MspInit)
    i.HAL_UART_Receive_IT                    0x08003794   Section        0  stm32f1xx_hal_uart.o(i.HAL_UART_Receive_IT)
    i.HAL_UART_RxCpltCallback                0x0800381c   Section        0  usart.o(i.HAL_UART_RxCpltCallback)
    i.HAL_UART_TxCpltCallback                0x080038a4   Section        0  stm32f1xx_hal_uart.o(i.HAL_UART_TxCpltCallback)
    i.HardFault_Handler                      0x080038a6   Section        0  stm32f1xx_it.o(i.HardFault_Handler)
    i.MemManage_Handler                      0x080038aa   Section        0  stm32f1xx_it.o(i.MemManage_Handler)
    i.NMI_Handler                            0x080038ae   Section        0  stm32f1xx_it.o(i.NMI_Handler)
    i.NVIC_GetPriorityGrouping               0x080038b0   Section        0  stm32f1xx_hal_cortex.o(i.NVIC_GetPriorityGrouping)
    NVIC_GetPriorityGrouping                 0x080038b1   Thumb Code    10  stm32f1xx_hal_cortex.o(i.NVIC_GetPriorityGrouping)
    i.NVIC_SetPriority                       0x080038c0   Section        0  stm32f1xx_hal_cortex.o(i.NVIC_SetPriority)
    NVIC_SetPriority                         0x080038c1   Thumb Code    32  stm32f1xx_hal_cortex.o(i.NVIC_SetPriority)
    i.PendSV_Handler                         0x080038e8   Section        0  stm32f1xx_it.o(i.PendSV_Handler)
    i.SVC_Handler                            0x080038ea   Section        0  stm32f1xx_it.o(i.SVC_Handler)
    i.Stm32_Clock_Init                       0x080038ec   Section        0  sys.o(i.Stm32_Clock_Init)
    i.SysTick_Handler                        0x08003942   Section        0  stm32f1xx_it.o(i.SysTick_Handler)
    i.SystemInit                             0x0800394c   Section        0  system_stm32f1xx.o(i.SystemInit)
    i.TIM3_IRQHandler                        0x080039a4   Section        0  timer.o(i.TIM3_IRQHandler)
    i.TIM4_IRQHandler                        0x080039b4   Section        0  timer.o(i.TIM4_IRQHandler)
    i.UART_EndTransmit_IT                    0x080039c4   Section        0  stm32f1xx_hal_uart.o(i.UART_EndTransmit_IT)
    UART_EndTransmit_IT                      0x080039c5   Thumb Code    48  stm32f1xx_hal_uart.o(i.UART_EndTransmit_IT)
    i.UART_Receive_IT                        0x080039f4   Section        0  stm32f1xx_hal_uart.o(i.UART_Receive_IT)
    UART_Receive_IT                          0x080039f5   Thumb Code   188  stm32f1xx_hal_uart.o(i.UART_Receive_IT)
    i.UART_SetConfig                         0x08003ab0   Section        0  stm32f1xx_hal_uart.o(i.UART_SetConfig)
    UART_SetConfig                           0x08003ab1   Thumb Code   450  stm32f1xx_hal_uart.o(i.UART_SetConfig)
    i.UART_Transmit_IT                       0x08003c78   Section        0  stm32f1xx_hal_uart.o(i.UART_Transmit_IT)
    UART_Transmit_IT                         0x08003c79   Thumb Code   112  stm32f1xx_hal_uart.o(i.UART_Transmit_IT)
    i.USART1_IRQHandler                      0x08003ce8   Section        0  usart.o(i.USART1_IRQHandler)
    i.UsageFault_Handler                     0x08003d28   Section        0  stm32f1xx_it.o(i.UsageFault_Handler)
    i.__ARM_fpclassify                       0x08003d2c   Section        0  fpclassify.o(i.__ARM_fpclassify)
    i._sys_exit                              0x08003d54   Section        0  usart.o(i._sys_exit)
    i.delay_init                             0x08003d58   Section        0  delay.o(i.delay_init)
    i.delay_ms                               0x08003d6c   Section        0  delay.o(i.delay_ms)
    i.delay_us                               0x08003d84   Section        0  delay.o(i.delay_us)
    i.fputc                                  0x08003dcc   Section        0  usart.o(i.fputc)
    i.main                                   0x08003de8   Section        0  main.o(i.main)
    i.sqrt                                   0x08004764   Section        0  sqrt.o(i.sqrt)
    i.trend_judge                            0x080047b0   Section        0  main.o(i.trend_judge)
    i.uart_init                              0x080048ec   Section        0  usart.o(i.uart_init)
    locale$$code                             0x08004924   Section       44  lc_numeric_c.o(locale$$code)
    x$fpl$d2f                                0x08004950   Section       98  d2f.o(x$fpl$d2f)
    x$fpl$dadd                               0x080049b4   Section      336  daddsub_clz.o(x$fpl$dadd)
    _dadd1                                   0x080049c5   Thumb Code     0  daddsub_clz.o(x$fpl$dadd)
    x$fpl$dcmpinf                            0x08004b04   Section       24  dcmpi.o(x$fpl$dcmpinf)
    x$fpl$ddiv                               0x08004b1c   Section      688  ddiv.o(x$fpl$ddiv)
    ddiv_entry                               0x08004b23   Thumb Code     0  ddiv.o(x$fpl$ddiv)
    x$fpl$dfltu                              0x08004dcc   Section       38  dflt_clz.o(x$fpl$dfltu)
    x$fpl$dleqf                              0x08004df4   Section      120  dleqf.o(x$fpl$dleqf)
    x$fpl$dmul                               0x08004e6c   Section      340  dmul.o(x$fpl$dmul)
    x$fpl$dnaninf                            0x08004fc0   Section      156  dnaninf.o(x$fpl$dnaninf)
    x$fpl$dretinf                            0x0800505c   Section       12  dretinf.o(x$fpl$dretinf)
    x$fpl$drleqf                             0x08005068   Section      108  drleqf.o(x$fpl$drleqf)
    x$fpl$drsb                               0x080050d4   Section       22  daddsub_clz.o(x$fpl$drsb)
    x$fpl$dsqrt                              0x080050ec   Section      460  dsqrt_noumaal.o(x$fpl$dsqrt)
    x$fpl$dsub                               0x080052b8   Section      468  daddsub_clz.o(x$fpl$dsub)
    _dsub1                                   0x080052c9   Thumb Code     0  daddsub_clz.o(x$fpl$dsub)
    x$fpl$f2d                                0x0800548c   Section       86  f2d.o(x$fpl$f2d)
    x$fpl$fadd                               0x080054e4   Section      196  faddsub_clz.o(x$fpl$fadd)
    _fadd1                                   0x080054f3   Thumb Code     0  faddsub_clz.o(x$fpl$fadd)
    x$fpl$fdiv                               0x080055a8   Section      388  fdiv.o(x$fpl$fdiv)
    _fdiv1                                   0x080055a9   Thumb Code     0  fdiv.o(x$fpl$fdiv)
    x$fpl$fflt                               0x0800572c   Section       48  fflt_clz.o(x$fpl$fflt)
    x$fpl$ffltu                              0x0800575c   Section       38  fflt_clz.o(x$fpl$ffltu)
    x$fpl$fmul                               0x08005784   Section      258  fmul.o(x$fpl$fmul)
    x$fpl$fnaninf                            0x08005886   Section      140  fnaninf.o(x$fpl$fnaninf)
    x$fpl$fretinf                            0x08005912   Section       10  fretinf.o(x$fpl$fretinf)
    x$fpl$frsb                               0x0800591c   Section       20  faddsub_clz.o(x$fpl$frsb)
    x$fpl$fsub                               0x08005930   Section      234  faddsub_clz.o(x$fpl$fsub)
    _fsub1                                   0x0800593f   Thumb Code     0  faddsub_clz.o(x$fpl$fsub)
    x$fpl$printf1                            0x08005a1a   Section        4  printf1.o(x$fpl$printf1)
    .constdata                               0x08005a1e   Section       24  system_stm32f1xx.o(.constdata)
    x$fpl$usenofp                            0x08005a1e   Section        0  usenofp.o(x$fpl$usenofp)
    .constdata                               0x08005a38   Section      148  bigflt0.o(.constdata)
    tenpwrs_x                                0x08005a38   Data          60  bigflt0.o(.constdata)
    tenpwrs_i                                0x08005a74   Data          64  bigflt0.o(.constdata)
    locale$$data                             0x08005aec   Section       28  lc_numeric_c.o(locale$$data)
    __lcnum_c_name                           0x08005af0   Data           2  lc_numeric_c.o(locale$$data)
    __lcnum_c_start                          0x08005af8   Data           0  lc_numeric_c.o(locale$$data)
    __lcnum_c_point                          0x08005b04   Data           0  lc_numeric_c.o(locale$$data)
    __lcnum_c_thousands                      0x08005b06   Data           0  lc_numeric_c.o(locale$$data)
    __lcnum_c_grouping                       0x08005b07   Data           0  lc_numeric_c.o(locale$$data)
    __lcnum_c_end                            0x08005b08   Data           0  lc_numeric_c.o(locale$$data)
    .data                                    0x20000000   Section       44  main.o(.data)
    .data                                    0x2000002c   Section        4  system_stm32f1xx.o(.data)
    .data                                    0x20000030   Section        7  usart.o(.data)
    .data                                    0x20000038   Section        4  delay.o(.data)
    fac_us                                   0x20000038   Data           4  delay.o(.data)
    .data                                    0x2000003c   Section        4  stm32f1xx_hal.o(.data)
    uwTick                                   0x2000003c   Data           4  stm32f1xx_hal.o(.data)
    .data                                    0x20000040   Section       19  ad9854_hal.o(.data)
    .bss                                     0x20000054   Section      880  main.o(.bss)
    .bss                                     0x200003c4   Section      264  usart.o(.bss)
    .bss                                     0x200004cc   Section       48  adc.o(.bss)
    .bss                                     0x200004fc   Section      120  timer.o(.bss)
    .bss                                     0x20000574   Section       96  libspace.o(.bss)
    HEAP                                     0x200005d8   Section     8192  startup_stm32f103xe.o(HEAP)
    Heap_Mem                                 0x200005d8   Data        8192  startup_stm32f103xe.o(HEAP)
    STACK                                    0x200025d8   Section     8192  startup_stm32f103xe.o(STACK)
    Stack_Mem                                0x200025d8   Data        8192  startup_stm32f103xe.o(STACK)
    __initial_sp                             0x200045d8   Data           0  startup_stm32f103xe.o(STACK)

    Global Symbols

    Symbol Name                              Value     Ov Type        Size  Object(Section)

    BuildAttributes$$THM_ISAv4$P$D$K$B$S$PE$A:L22UL41UL21$X:L11$S22US41US21$IEEE1$IW$USESV6$~STKCKD$USESV7$~SHL$OTIME$ROPI$IEEEJ$EBA8$UX$STANDARDLIB$REQ8$PRES8$EABIv2 0x00000000   Number         0  anon$$obj.o ABSOLUTE
    __ARM_use_no_argv                        0x00000000   Number         0  main.o ABSOLUTE
    __ARM_exceptions_init                     - Undefined Weak Reference
    __alloca_initialize                       - Undefined Weak Reference
    __arm_fini_                               - Undefined Weak Reference
    __arm_preinit_                            - Undefined Weak Reference
    __cpp_initialize__aeabi_                  - Undefined Weak Reference
    __cxa_finalize                            - Undefined Weak Reference
    __sigvec_lookup                           - Undefined Weak Reference
    _atexit_init                              - Undefined Weak Reference
    _call_atexit_fns                          - Undefined Weak Reference
    _clock_init                               - Undefined Weak Reference
    _fp_trap_init                             - Undefined Weak Reference
    _fp_trap_shutdown                         - Undefined Weak Reference
    _get_lc_collate                           - Undefined Weak Reference
    _get_lc_ctype                             - Undefined Weak Reference
    _get_lc_monetary                          - Undefined Weak Reference
    _get_lc_time                              - Undefined Weak Reference
    _getenv_init                              - Undefined Weak Reference
    _handle_redirection                       - Undefined Weak Reference
    _init_alloc                               - Undefined Weak Reference
    _init_user_alloc                          - Undefined Weak Reference
    _initio                                   - Undefined Weak Reference
    _mutex_acquire                            - Undefined Weak Reference
    _mutex_release                            - Undefined Weak Reference
    _printf_post_padding                      - Undefined Weak Reference
    _printf_pre_padding                       - Undefined Weak Reference
    _printf_truncate_signed                   - Undefined Weak Reference
    _printf_truncate_unsigned                 - Undefined Weak Reference
    _rand_init                                - Undefined Weak Reference
    _signal_finish                            - Undefined Weak Reference
    _signal_init                              - Undefined Weak Reference
    _terminate_alloc                          - Undefined Weak Reference
    _terminate_user_alloc                     - Undefined Weak Reference
    _terminateio                              - Undefined Weak Reference
    __Vectors_Size                           0x00000130   Number         0  startup_stm32f103xe.o ABSOLUTE
    __Vectors                                0x08000000   Data           4  startup_stm32f103xe.o(RESET)
    __Vectors_End                            0x08000130   Data           0  startup_stm32f103xe.o(RESET)
    __main                                   0x08000131   Thumb Code     8  __main.o(!!!main)
    __scatterload                            0x08000139   Thumb Code     0  __scatter.o(!!!scatter)
    __scatterload_rt2                        0x08000139   Thumb Code    44  __scatter.o(!!!scatter)
    __scatterload_rt2_thumb_only             0x08000139   Thumb Code     0  __scatter.o(!!!scatter)
    __scatterload_null                       0x08000147   Thumb Code     0  __scatter.o(!!!scatter)
    __scatterload_copy                       0x0800016d   Thumb Code    26  __scatter_copy.o(!!handler_copy)
    __scatterload_zeroinit                   0x08000189   Thumb Code    28  __scatter_zi.o(!!handler_zi)
    _printf_f                                0x080001a5   Thumb Code     0  _printf_f.o(.ARM.Collect$$_printf_percent$$00000003)
    _printf_percent                          0x080001a5   Thumb Code     0  _printf_percent.o(.ARM.Collect$$_printf_percent$$00000000)
    _printf_d                                0x080001ab   Thumb Code     0  _printf_d.o(.ARM.Collect$$_printf_percent$$00000009)
    _printf_percent_end                      0x080001b1   Thumb Code     0  _printf_percent_end.o(.ARM.Collect$$_printf_percent$$00000017)
    __rt_lib_init                            0x080001b5   Thumb Code     0  libinit.o(.ARM.Collect$$libinit$$00000000)
    __rt_lib_init_fp_1                       0x080001b7   Thumb Code     0  libinit2.o(.ARM.Collect$$libinit$$00000002)
    __rt_lib_init_heap_1                     0x080001b7   Thumb Code     0  libinit2.o(.ARM.Collect$$libinit$$0000000A)
    __rt_lib_init_lc_common                  0x080001b7   Thumb Code     0  libinit2.o(.ARM.Collect$$libinit$$0000000F)
    __rt_lib_init_preinit_1                  0x080001b7   Thumb Code     0  libinit2.o(.ARM.Collect$$libinit$$00000004)
    __rt_lib_init_rand_1                     0x080001b7   Thumb Code     0  libinit2.o(.ARM.Collect$$libinit$$0000000E)
    __rt_lib_init_user_alloc_1               0x080001b7   Thumb Code     0  libinit2.o(.ARM.Collect$$libinit$$0000000C)
    __rt_lib_init_lc_collate_1               0x080001bd   Thumb Code     0  libinit2.o(.ARM.Collect$$libinit$$00000011)
    __rt_lib_init_lc_ctype_1                 0x080001bd   Thumb Code     0  libinit2.o(.ARM.Collect$$libinit$$00000013)
    __rt_lib_init_lc_monetary_1              0x080001bd   Thumb Code     0  libinit2.o(.ARM.Collect$$libinit$$00000015)
    __rt_lib_init_lc_numeric_2               0x080001bd   Thumb Code     0  libinit2.o(.ARM.Collect$$libinit$$00000016)
    __rt_lib_init_alloca_1                   0x080001c7   Thumb Code     0  libinit2.o(.ARM.Collect$$libinit$$0000002E)
    __rt_lib_init_argv_1                     0x080001c7   Thumb Code     0  libinit2.o(.ARM.Collect$$libinit$$0000002C)
    __rt_lib_init_atexit_1                   0x080001c7   Thumb Code     0  libinit2.o(.ARM.Collect$$libinit$$0000001B)
    __rt_lib_init_clock_1                    0x080001c7   Thumb Code     0  libinit2.o(.ARM.Collect$$libinit$$00000021)
    __rt_lib_init_cpp_1                      0x080001c7   Thumb Code     0  libinit2.o(.ARM.Collect$$libinit$$00000032)
    __rt_lib_init_exceptions_1               0x080001c7   Thumb Code     0  libinit2.o(.ARM.Collect$$libinit$$00000030)
    __rt_lib_init_fp_trap_1                  0x080001c7   Thumb Code     0  libinit2.o(.ARM.Collect$$libinit$$0000001F)
    __rt_lib_init_getenv_1                   0x080001c7   Thumb Code     0  libinit2.o(.ARM.Collect$$libinit$$00000023)
    __rt_lib_init_lc_numeric_1               0x080001c7   Thumb Code     0  libinit2.o(.ARM.Collect$$libinit$$00000017)
    __rt_lib_init_lc_time_1                  0x080001c7   Thumb Code     0  libinit2.o(.ARM.Collect$$libinit$$00000019)
    __rt_lib_init_return                     0x080001c7   Thumb Code     0  libinit2.o(.ARM.Collect$$libinit$$00000033)
    __rt_lib_init_signal_1                   0x080001c7   Thumb Code     0  libinit2.o(.ARM.Collect$$libinit$$0000001D)
    __rt_lib_init_stdio_1                    0x080001c7   Thumb Code     0  libinit2.o(.ARM.Collect$$libinit$$00000025)
    __rt_lib_shutdown                        0x080001c9   Thumb Code     0  libshutdown.o(.ARM.Collect$$libshutdown$$00000000)
    __rt_lib_shutdown_cpp_1                  0x080001cb   Thumb Code     0  libshutdown2.o(.ARM.Collect$$libshutdown$$00000004)
    __rt_lib_shutdown_fini_1                 0x080001cb   Thumb Code     0  libshutdown2.o(.ARM.Collect$$libshutdown$$00000002)
    __rt_lib_shutdown_fp_trap_1              0x080001cb   Thumb Code     0  libshutdown2.o(.ARM.Collect$$libshutdown$$00000009)
    __rt_lib_shutdown_heap_1                 0x080001cb   Thumb Code     0  libshutdown2.o(.ARM.Collect$$libshutdown$$00000011)
    __rt_lib_shutdown_return                 0x080001cb   Thumb Code     0  libshutdown2.o(.ARM.Collect$$libshutdown$$00000012)
    __rt_lib_shutdown_signal_1               0x080001cb   Thumb Code     0  libshutdown2.o(.ARM.Collect$$libshutdown$$0000000C)
    __rt_lib_shutdown_stdio_1                0x080001cb   Thumb Code     0  libshutdown2.o(.ARM.Collect$$libshutdown$$00000006)
    __rt_lib_shutdown_user_alloc_1           0x080001cb   Thumb Code     0  libshutdown2.o(.ARM.Collect$$libshutdown$$0000000E)
    __rt_entry                               0x080001cd   Thumb Code     0  __rtentry.o(.ARM.Collect$$rtentry$$00000000)
    __rt_entry_presh_1                       0x080001cd   Thumb Code     0  __rtentry2.o(.ARM.Collect$$rtentry$$00000002)
    __rt_entry_sh                            0x080001cd   Thumb Code     0  __rtentry4.o(.ARM.Collect$$rtentry$$00000004)
    __rt_entry_li                            0x080001d3   Thumb Code     0  __rtentry2.o(.ARM.Collect$$rtentry$$0000000A)
    __rt_entry_postsh_1                      0x080001d3   Thumb Code     0  __rtentry2.o(.ARM.Collect$$rtentry$$00000009)
    __rt_entry_main                          0x080001d7   Thumb Code     0  __rtentry2.o(.ARM.Collect$$rtentry$$0000000D)
    __rt_entry_postli_1                      0x080001d7   Thumb Code     0  __rtentry2.o(.ARM.Collect$$rtentry$$0000000C)
    __rt_exit                                0x080001df   Thumb Code     0  rtexit.o(.ARM.Collect$$rtexit$$00000000)
    __rt_exit_ls                             0x080001e1   Thumb Code     0  rtexit2.o(.ARM.Collect$$rtexit$$00000003)
    __rt_exit_prels_1                        0x080001e1   Thumb Code     0  rtexit2.o(.ARM.Collect$$rtexit$$00000002)
    __rt_exit_exit                           0x080001e5   Thumb Code     0  rtexit2.o(.ARM.Collect$$rtexit$$00000004)
    Reset_Handler                            0x080001ed   Thumb Code     8  startup_stm32f103xe.o(.text)
    ADC1_2_IRQHandler                        0x08000207   Thumb Code     0  startup_stm32f103xe.o(.text)
    ADC3_IRQHandler                          0x08000207   Thumb Code     0  startup_stm32f103xe.o(.text)
    CAN1_RX1_IRQHandler                      0x08000207   Thumb Code     0  startup_stm32f103xe.o(.text)
    CAN1_SCE_IRQHandler                      0x08000207   Thumb Code     0  startup_stm32f103xe.o(.text)
    DMA1_Channel1_IRQHandler                 0x08000207   Thumb Code     0  startup_stm32f103xe.o(.text)
    DMA1_Channel2_IRQHandler                 0x08000207   Thumb Code     0  startup_stm32f103xe.o(.text)
    DMA1_Channel3_IRQHandler                 0x08000207   Thumb Code     0  startup_stm32f103xe.o(.text)
    DMA1_Channel4_IRQHandler                 0x08000207   Thumb Code     0  startup_stm32f103xe.o(.text)
    DMA1_Channel5_IRQHandler                 0x08000207   Thumb Code     0  startup_stm32f103xe.o(.text)
    DMA1_Channel6_IRQHandler                 0x08000207   Thumb Code     0  startup_stm32f103xe.o(.text)
    DMA1_Channel7_IRQHandler                 0x08000207   Thumb Code     0  startup_stm32f103xe.o(.text)
    DMA2_Channel1_IRQHandler                 0x08000207   Thumb Code     0  startup_stm32f103xe.o(.text)
    DMA2_Channel2_IRQHandler                 0x08000207   Thumb Code     0  startup_stm32f103xe.o(.text)
    DMA2_Channel3_IRQHandler                 0x08000207   Thumb Code     0  startup_stm32f103xe.o(.text)
    DMA2_Channel4_5_IRQHandler               0x08000207   Thumb Code     0  startup_stm32f103xe.o(.text)
    EXTI15_10_IRQHandler                     0x08000207   Thumb Code     0  startup_stm32f103xe.o(.text)
    EXTI1_IRQHandler                         0x08000207   Thumb Code     0  startup_stm32f103xe.o(.text)
    EXTI9_5_IRQHandler                       0x08000207   Thumb Code     0  startup_stm32f103xe.o(.text)
    FLASH_IRQHandler                         0x08000207   Thumb Code     0  startup_stm32f103xe.o(.text)
    FSMC_IRQHandler                          0x08000207   Thumb Code     0  startup_stm32f103xe.o(.text)
    I2C1_ER_IRQHandler                       0x08000207   Thumb Code     0  startup_stm32f103xe.o(.text)
    I2C1_EV_IRQHandler                       0x08000207   Thumb Code     0  startup_stm32f103xe.o(.text)
    I2C2_ER_IRQHandler                       0x08000207   Thumb Code     0  startup_stm32f103xe.o(.text)
    I2C2_EV_IRQHandler                       0x08000207   Thumb Code     0  startup_stm32f103xe.o(.text)
    PVD_IRQHandler                           0x08000207   Thumb Code     0  startup_stm32f103xe.o(.text)
    RCC_IRQHandler                           0x08000207   Thumb Code     0  startup_stm32f103xe.o(.text)
    RTC_Alarm_IRQHandler                     0x08000207   Thumb Code     0  startup_stm32f103xe.o(.text)
    RTC_IRQHandler                           0x08000207   Thumb Code     0  startup_stm32f103xe.o(.text)
    SDIO_IRQHandler                          0x08000207   Thumb Code     0  startup_stm32f103xe.o(.text)
    SPI1_IRQHandler                          0x08000207   Thumb Code     0  startup_stm32f103xe.o(.text)
    SPI2_IRQHandler                          0x08000207   Thumb Code     0  startup_stm32f103xe.o(.text)
    SPI3_IRQHandler                          0x08000207   Thumb Code     0  startup_stm32f103xe.o(.text)
    TAMPER_IRQHandler                        0x08000207   Thumb Code     0  startup_stm32f103xe.o(.text)
    TIM1_BRK_IRQHandler                      0x08000207   Thumb Code     0  startup_stm32f103xe.o(.text)
    TIM1_CC_IRQHandler                       0x08000207   Thumb Code     0  startup_stm32f103xe.o(.text)
    TIM1_TRG_COM_IRQHandler                  0x08000207   Thumb Code     0  startup_stm32f103xe.o(.text)
    TIM1_UP_IRQHandler                       0x08000207   Thumb Code     0  startup_stm32f103xe.o(.text)
    TIM2_IRQHandler                          0x08000207   Thumb Code     0  startup_stm32f103xe.o(.text)
    TIM5_IRQHandler                          0x08000207   Thumb Code     0  startup_stm32f103xe.o(.text)
    TIM6_IRQHandler                          0x08000207   Thumb Code     0  startup_stm32f103xe.o(.text)
    TIM7_IRQHandler                          0x08000207   Thumb Code     0  startup_stm32f103xe.o(.text)
    TIM8_BRK_IRQHandler                      0x08000207   Thumb Code     0  startup_stm32f103xe.o(.text)
    TIM8_CC_IRQHandler                       0x08000207   Thumb Code     0  startup_stm32f103xe.o(.text)
    TIM8_TRG_COM_IRQHandler                  0x08000207   Thumb Code     0  startup_stm32f103xe.o(.text)
    TIM8_UP_IRQHandler                       0x08000207   Thumb Code     0  startup_stm32f103xe.o(.text)
    UART4_IRQHandler                         0x08000207   Thumb Code     0  startup_stm32f103xe.o(.text)
    UART5_IRQHandler                         0x08000207   Thumb Code     0  startup_stm32f103xe.o(.text)
    USART2_IRQHandler                        0x08000207   Thumb Code     0  startup_stm32f103xe.o(.text)
    USART3_IRQHandler                        0x08000207   Thumb Code     0  startup_stm32f103xe.o(.text)
    USBWakeUp_IRQHandler                     0x08000207   Thumb Code     0  startup_stm32f103xe.o(.text)
    USB_HP_CAN1_TX_IRQHandler                0x08000207   Thumb Code     0  startup_stm32f103xe.o(.text)
    USB_LP_CAN1_RX0_IRQHandler               0x08000207   Thumb Code     0  startup_stm32f103xe.o(.text)
    WWDG_IRQHandler                          0x08000207   Thumb Code     0  startup_stm32f103xe.o(.text)
    __user_initial_stackheap                 0x08000209   Thumb Code     0  startup_stm32f103xe.o(.text)
    __use_no_semihosting                     0x0800022d   Thumb Code     2  use_no_semi_2.o(.text)
    __2printf                                0x08000231   Thumb Code    20  noretval__2printf.o(.text)
    __printf                                 0x08000249   Thumb Code   104  __printf.o(.text)
    _printf_int_dec                          0x080002b1   Thumb Code   104  _printf_dec.o(.text)
    __use_two_region_memory                  0x08000329   Thumb Code     2  heapauxi.o(.text)
    __rt_heap_escrow$2region                 0x0800032b   Thumb Code     2  heapauxi.o(.text)
    __rt_heap_expand$2region                 0x0800032d   Thumb Code     2  heapauxi.o(.text)
    __I$use$semihosting                      0x0800032f   Thumb Code     0  use_no_semi.o(.text)
    __use_no_semihosting_swi                 0x0800032f   Thumb Code     2  use_no_semi.o(.text)
    __read_errno                             0x08000331   Thumb Code    10  _rserrno.o(.text)
    __set_errno                              0x0800033b   Thumb Code    12  _rserrno.o(.text)
    _printf_int_common                       0x08000347   Thumb Code   178  _printf_intcommon.o(.text)
    __lib_sel_fp_printf                      0x080003f9   Thumb Code     2  _printf_fp_dec.o(.text)
    _printf_fp_dec_real                      0x080005ab   Thumb Code   620  _printf_fp_dec.o(.text)
    _printf_char_file                        0x08000819   Thumb Code    32  _printf_char_file.o(.text)
    __rt_locale                              0x0800083d   Thumb Code     8  rt_locale_intlibspace.o(.text)
    __aeabi_errno_addr                       0x08000845   Thumb Code     8  rt_errno_addr_intlibspace.o(.text)
    __errno$intlibspace                      0x08000845   Thumb Code     0  rt_errno_addr_intlibspace.o(.text)
    __rt_errno_addr$intlibspace              0x08000845   Thumb Code     0  rt_errno_addr_intlibspace.o(.text)
    _ll_udiv10                               0x0800084d   Thumb Code   138  lludiv10.o(.text)
    _printf_char_common                      0x080008e3   Thumb Code    32  _printf_char_common.o(.text)
    _printf_fp_infnan                        0x08000909   Thumb Code   112  _printf_fp_infnan.o(.text)
    _btod_etento                             0x08000989   Thumb Code   224  bigflt0.o(.text)
    ferror                                   0x08000a6d   Thumb Code     8  ferror.o(.text)
    __user_libspace                          0x08000a75   Thumb Code     8  libspace.o(.text)
    __user_perproc_libspace                  0x08000a75   Thumb Code     0  libspace.o(.text)
    __user_perthread_libspace                0x08000a75   Thumb Code     0  libspace.o(.text)
    __user_setup_stackheap                   0x08000a7d   Thumb Code    74  sys_stackheap_outer.o(.text)
    exit                                     0x08000ac7   Thumb Code    18  exit.o(.text)
    strcmp                                   0x08000ad9   Thumb Code   128  strcmpv7m.o(.text)
    _btod_d2e                                0x08000b59   Thumb Code    62  btod.o(CL$$btod_d2e)
    _d2e_denorm_low                          0x08000b97   Thumb Code    70  btod.o(CL$$btod_d2e_denorm_low)
    _d2e_norm_op1                            0x08000bdd   Thumb Code    96  btod.o(CL$$btod_d2e_norm_op1)
    __btod_div_common                        0x08000c3d   Thumb Code   696  btod.o(CL$$btod_div_common)
    _e2e                                     0x08000f75   Thumb Code   220  btod.o(CL$$btod_e2e)
    _btod_ediv                               0x08001051   Thumb Code    42  btod.o(CL$$btod_ediv)
    _btod_emul                               0x0800107b   Thumb Code    42  btod.o(CL$$btod_emul)
    __btod_mult_common                       0x080010a5   Thumb Code   580  btod.o(CL$$btod_mult_common)
    AD9854_SPI_GPIO_Init                     0x080012e9   Thumb Code   104  ad9854_hal.o(i.AD9854_SPI_GPIO_Init)
    AD9854_SPI_Init                          0x0800135d   Thumb Code   132  ad9854_hal.o(i.AD9854_SPI_Init)
    AD9854_SPI_SetSine                       0x080013e9   Thumb Code   114  ad9854_hal.o(i.AD9854_SPI_SetSine)
    AD9854_SPI_WR_Byte                       0x08001465   Thumb Code    72  ad9854_hal.o(i.AD9854_SPI_WR_Byte)
    ADC1_Init                                0x080014b5   Thumb Code    66  adc.o(i.ADC1_Init)
    ADC_ConversionStop_Disable               0x08001501   Thumb Code    82  stm32f1xx_hal_adc.o(i.ADC_ConversionStop_Disable)
    ADC_Enable                               0x08001555   Thumb Code   122  stm32f1xx_hal_adc.o(i.ADC_Enable)
    BusFault_Handler                         0x080015d9   Thumb Code     4  stm32f1xx_it.o(i.BusFault_Handler)
    DebugMon_Handler                         0x080015dd   Thumb Code     2  stm32f1xx_it.o(i.DebugMon_Handler)
    EXTI0_IRQHandler                         0x080015df   Thumb Code    10  exti.o(i.EXTI0_IRQHandler)
    EXTI2_IRQHandler                         0x080015e9   Thumb Code    10  exti.o(i.EXTI2_IRQHandler)
    EXTI3_IRQHandler                         0x080015f3   Thumb Code    10  exti.o(i.EXTI3_IRQHandler)
    EXTI4_IRQHandler                         0x080015fd   Thumb Code    10  exti.o(i.EXTI4_IRQHandler)
    EXTI_Init                                0x08001609   Thumb Code   134  exti.o(i.EXTI_Init)
    Freq_Convert                             0x080016a1   Thumb Code    88  ad9854_hal.o(i.Freq_Convert)
    GPIO_Init                                0x08001701   Thumb Code    84  gpio.o(i.GPIO_Init)
    Get_Adc                                  0x0800175d   Thumb Code    46  adc.o(i.Get_Adc)
    Get_Adc_Average                          0x08001791   Thumb Code    46  adc.o(i.Get_Adc_Average)
    HAL_ADCEx_Calibration_Start              0x080017c1   Thumb Code   256  stm32f1xx_hal_adc_ex.o(i.HAL_ADCEx_Calibration_Start)
    HAL_ADC_ConfigChannel                    0x080018c5   Thumb Code   438  stm32f1xx_hal_adc.o(i.HAL_ADC_ConfigChannel)
    HAL_ADC_GetValue                         0x08001a89   Thumb Code     8  stm32f1xx_hal_adc.o(i.HAL_ADC_GetValue)
    HAL_ADC_Init                             0x08001a91   Thumb Code   374  stm32f1xx_hal_adc.o(i.HAL_ADC_Init)
    HAL_ADC_MspInit                          0x08001c15   Thumb Code   132  adc.o(i.HAL_ADC_MspInit)
    HAL_ADC_PollForConversion                0x08001ca1   Thumb Code   350  stm32f1xx_hal_adc.o(i.HAL_ADC_PollForConversion)
    HAL_ADC_Start                            0x08001e11   Thumb Code   294  stm32f1xx_hal_adc.o(i.HAL_ADC_Start)
    HAL_Delay                                0x08001f41   Thumb Code    26  stm32f1xx_hal.o(i.HAL_Delay)
    HAL_GPIO_EXTI_Callback                   0x08001f5d   Thumb Code    96  exti.o(i.HAL_GPIO_EXTI_Callback)
    HAL_GPIO_EXTI_IRQHandler                 0x08001fe5   Thumb Code    24  stm32f1xx_hal_gpio.o(i.HAL_GPIO_EXTI_IRQHandler)
    HAL_GPIO_Init                            0x08002001   Thumb Code   790  stm32f1xx_hal_gpio.o(i.HAL_GPIO_Init)
    HAL_GPIO_ReadPin                         0x08002341   Thumb Code    16  stm32f1xx_hal_gpio.o(i.HAL_GPIO_ReadPin)
    HAL_GPIO_WritePin                        0x08002351   Thumb Code    12  stm32f1xx_hal_gpio.o(i.HAL_GPIO_WritePin)
    HAL_GetTick                              0x0800235d   Thumb Code     6  stm32f1xx_hal.o(i.HAL_GetTick)
    HAL_IncTick                              0x08002369   Thumb Code    12  stm32f1xx_hal.o(i.HAL_IncTick)
    HAL_Init                                 0x08002379   Thumb Code    34  stm32f1xx_hal.o(i.HAL_Init)
    HAL_InitTick                             0x080023a1   Thumb Code    36  stm32f1xx_hal.o(i.HAL_InitTick)
    HAL_MspInit                              0x080023c5   Thumb Code     2  stm32f1xx_hal_msp.o(i.HAL_MspInit)
    HAL_NVIC_EnableIRQ                       0x080023c7   Thumb Code    26  stm32f1xx_hal_cortex.o(i.HAL_NVIC_EnableIRQ)
    HAL_NVIC_SetPriority                     0x080023e1   Thumb Code   124  stm32f1xx_hal_cortex.o(i.HAL_NVIC_SetPriority)
    HAL_NVIC_SetPriorityGrouping             0x0800245d   Thumb Code    32  stm32f1xx_hal_cortex.o(i.HAL_NVIC_SetPriorityGrouping)
    HAL_RCCEx_GetPeriphCLKFreq               0x08002485   Thumb Code   324  stm32f1xx_hal_rcc_ex.o(i.HAL_RCCEx_GetPeriphCLKFreq)
    HAL_RCCEx_PeriphCLKConfig                0x080025e9   Thumb Code   366  stm32f1xx_hal_rcc_ex.o(i.HAL_RCCEx_PeriphCLKConfig)
    HAL_RCC_ClockConfig                      0x08002765   Thumb Code   648  stm32f1xx_hal_rcc.o(i.HAL_RCC_ClockConfig)
    HAL_RCC_GetHCLKFreq                      0x080029fd   Thumb Code     6  stm32f1xx_hal_rcc.o(i.HAL_RCC_GetHCLKFreq)
    HAL_RCC_GetPCLK1Freq                     0x08002a09   Thumb Code    36  stm32f1xx_hal_rcc.o(i.HAL_RCC_GetPCLK1Freq)
    HAL_RCC_GetPCLK2Freq                     0x08002a35   Thumb Code    36  stm32f1xx_hal_rcc.o(i.HAL_RCC_GetPCLK2Freq)
    HAL_RCC_GetSysClockFreq                  0x08002a61   Thumb Code   146  stm32f1xx_hal_rcc.o(i.HAL_RCC_GetSysClockFreq)
    HAL_RCC_OscConfig                        0x08002b15   Thumb Code  2164  stm32f1xx_hal_rcc.o(i.HAL_RCC_OscConfig)
    HAL_SYSTICK_CLKSourceConfig              0x0800338d   Thumb Code    40  stm32f1xx_hal_cortex.o(i.HAL_SYSTICK_CLKSourceConfig)
    HAL_SYSTICK_Config                       0x080033b5   Thumb Code    52  stm32f1xx_hal_cortex.o(i.HAL_SYSTICK_Config)
    HAL_TIMEx_BreakCallback                  0x080033e9   Thumb Code     2  stm32f1xx_hal_tim_ex.o(i.HAL_TIMEx_BreakCallback)
    HAL_TIMEx_CommutationCallback            0x080033eb   Thumb Code     2  stm32f1xx_hal_tim_ex.o(i.HAL_TIMEx_CommutationCallback)
    HAL_TIM_IC_CaptureCallback               0x080033ed   Thumb Code     2  stm32f1xx_hal_tim.o(i.HAL_TIM_IC_CaptureCallback)
    HAL_TIM_IRQHandler                       0x080033ef   Thumb Code   406  stm32f1xx_hal_tim.o(i.HAL_TIM_IRQHandler)
    HAL_TIM_OC_DelayElapsedCallback          0x08003585   Thumb Code     2  stm32f1xx_hal_tim.o(i.HAL_TIM_OC_DelayElapsedCallback)
    HAL_TIM_PWM_PulseFinishedCallback        0x08003587   Thumb Code     2  stm32f1xx_hal_tim.o(i.HAL_TIM_PWM_PulseFinishedCallback)
    HAL_TIM_PeriodElapsedCallback            0x08003589   Thumb Code    10  timer.o(i.HAL_TIM_PeriodElapsedCallback)
    HAL_TIM_TriggerCallback                  0x08003599   Thumb Code     2  stm32f1xx_hal_tim.o(i.HAL_TIM_TriggerCallback)
    HAL_UART_ErrorCallback                   0x0800359b   Thumb Code     2  stm32f1xx_hal_uart.o(i.HAL_UART_ErrorCallback)
    HAL_UART_GetState                        0x0800359d   Thumb Code     8  stm32f1xx_hal_uart.o(i.HAL_UART_GetState)
    HAL_UART_IRQHandler                      0x080035a5   Thumb Code   218  stm32f1xx_hal_uart.o(i.HAL_UART_IRQHandler)
    HAL_UART_Init                            0x0800367f   Thumb Code   110  stm32f1xx_hal_uart.o(i.HAL_UART_Init)
    HAL_UART_MspInit                         0x080036ed   Thumb Code   156  usart.o(i.HAL_UART_MspInit)
    HAL_UART_Receive_IT                      0x08003795   Thumb Code   134  stm32f1xx_hal_uart.o(i.HAL_UART_Receive_IT)
    HAL_UART_RxCpltCallback                  0x0800381d   Thumb Code   120  usart.o(i.HAL_UART_RxCpltCallback)
    HAL_UART_TxCpltCallback                  0x080038a5   Thumb Code     2  stm32f1xx_hal_uart.o(i.HAL_UART_TxCpltCallback)
    HardFault_Handler                        0x080038a7   Thumb Code     4  stm32f1xx_it.o(i.HardFault_Handler)
    MemManage_Handler                        0x080038ab   Thumb Code     4  stm32f1xx_it.o(i.MemManage_Handler)
    NMI_Handler                              0x080038af   Thumb Code     2  stm32f1xx_it.o(i.NMI_Handler)
    PendSV_Handler                           0x080038e9   Thumb Code     2  stm32f1xx_it.o(i.PendSV_Handler)
    SVC_Handler                              0x080038eb   Thumb Code     2  stm32f1xx_it.o(i.SVC_Handler)
    Stm32_Clock_Init                         0x080038ed   Thumb Code    86  sys.o(i.Stm32_Clock_Init)
    SysTick_Handler                          0x08003943   Thumb Code     8  stm32f1xx_it.o(i.SysTick_Handler)
    SystemInit                               0x0800394d   Thumb Code    70  system_stm32f1xx.o(i.SystemInit)
    TIM3_IRQHandler                          0x080039a5   Thumb Code    10  timer.o(i.TIM3_IRQHandler)
    TIM4_IRQHandler                          0x080039b5   Thumb Code    10  timer.o(i.TIM4_IRQHandler)
    USART1_IRQHandler                        0x08003ce9   Thumb Code    56  usart.o(i.USART1_IRQHandler)
    UsageFault_Handler                       0x08003d29   Thumb Code     4  stm32f1xx_it.o(i.UsageFault_Handler)
    __ARM_fpclassify                         0x08003d2d   Thumb Code    40  fpclassify.o(i.__ARM_fpclassify)
    _sys_exit                                0x08003d55   Thumb Code     4  usart.o(i._sys_exit)
    delay_init                               0x08003d59   Thumb Code    16  delay.o(i.delay_init)
    delay_ms                                 0x08003d6d   Thumb Code    24  delay.o(i.delay_ms)
    delay_us                                 0x08003d85   Thumb Code    68  delay.o(i.delay_us)
    fputc                                    0x08003dcd   Thumb Code    24  usart.o(i.fputc)
    main                                     0x08003de9   Thumb Code  2068  main.o(i.main)
    sqrt                                     0x08004765   Thumb Code    76  sqrt.o(i.sqrt)
    trend_judge                              0x080047b1   Thumb Code   234  main.o(i.trend_judge)
    uart_init                                0x080048ed   Thumb Code    44  usart.o(i.uart_init)
    _get_lc_numeric                          0x08004925   Thumb Code    44  lc_numeric_c.o(locale$$code)
    __aeabi_d2f                              0x08004951   Thumb Code     0  d2f.o(x$fpl$d2f)
    _d2f                                     0x08004951   Thumb Code    98  d2f.o(x$fpl$d2f)
    __aeabi_dadd                             0x080049b5   Thumb Code     0  daddsub_clz.o(x$fpl$dadd)
    _dadd                                    0x080049b5   Thumb Code   332  daddsub_clz.o(x$fpl$dadd)
    __fpl_dcmp_Inf                           0x08004b05   Thumb Code    24  dcmpi.o(x$fpl$dcmpinf)
    __aeabi_ddiv                             0x08004b1d   Thumb Code     0  ddiv.o(x$fpl$ddiv)
    _ddiv                                    0x08004b1d   Thumb Code   552  ddiv.o(x$fpl$ddiv)
    __aeabi_ui2d                             0x08004dcd   Thumb Code     0  dflt_clz.o(x$fpl$dfltu)
    _dfltu                                   0x08004dcd   Thumb Code    38  dflt_clz.o(x$fpl$dfltu)
    __aeabi_cdcmple                          0x08004df5   Thumb Code     0  dleqf.o(x$fpl$dleqf)
    _dcmple                                  0x08004df5   Thumb Code   120  dleqf.o(x$fpl$dleqf)
    __fpl_dcmple_InfNaN                      0x08004e57   Thumb Code     0  dleqf.o(x$fpl$dleqf)
    __aeabi_dmul                             0x08004e6d   Thumb Code     0  dmul.o(x$fpl$dmul)
    _dmul                                    0x08004e6d   Thumb Code   332  dmul.o(x$fpl$dmul)
    __fpl_dnaninf                            0x08004fc1   Thumb Code   156  dnaninf.o(x$fpl$dnaninf)
    __fpl_dretinf                            0x0800505d   Thumb Code    12  dretinf.o(x$fpl$dretinf)
    __aeabi_cdrcmple                         0x08005069   Thumb Code     0  drleqf.o(x$fpl$drleqf)
    _drcmple                                 0x08005069   Thumb Code   108  drleqf.o(x$fpl$drleqf)
    __aeabi_drsub                            0x080050d5   Thumb Code     0  daddsub_clz.o(x$fpl$drsb)
    _drsb                                    0x080050d5   Thumb Code    22  daddsub_clz.o(x$fpl$drsb)
    _dsqrt                                   0x080050ed   Thumb Code   456  dsqrt_noumaal.o(x$fpl$dsqrt)
    __aeabi_dsub                             0x080052b9   Thumb Code     0  daddsub_clz.o(x$fpl$dsub)
    _dsub                                    0x080052b9   Thumb Code   464  daddsub_clz.o(x$fpl$dsub)
    __aeabi_f2d                              0x0800548d   Thumb Code     0  f2d.o(x$fpl$f2d)
    _f2d                                     0x0800548d   Thumb Code    86  f2d.o(x$fpl$f2d)
    __aeabi_fadd                             0x080054e5   Thumb Code     0  faddsub_clz.o(x$fpl$fadd)
    _fadd                                    0x080054e5   Thumb Code   196  faddsub_clz.o(x$fpl$fadd)
    __aeabi_fdiv                             0x080055a9   Thumb Code     0  fdiv.o(x$fpl$fdiv)
    _fdiv                                    0x080055a9   Thumb Code   384  fdiv.o(x$fpl$fdiv)
    __aeabi_i2f                              0x0800572d   Thumb Code     0  fflt_clz.o(x$fpl$fflt)
    _fflt                                    0x0800572d   Thumb Code    48  fflt_clz.o(x$fpl$fflt)
    __aeabi_ui2f                             0x0800575d   Thumb Code     0  fflt_clz.o(x$fpl$ffltu)
    _ffltu                                   0x0800575d   Thumb Code    38  fflt_clz.o(x$fpl$ffltu)
    __aeabi_fmul                             0x08005785   Thumb Code     0  fmul.o(x$fpl$fmul)
    _fmul                                    0x08005785   Thumb Code   258  fmul.o(x$fpl$fmul)
    __fpl_fnaninf                            0x08005887   Thumb Code   140  fnaninf.o(x$fpl$fnaninf)
    __fpl_fretinf                            0x08005913   Thumb Code    10  fretinf.o(x$fpl$fretinf)
    __aeabi_frsub                            0x0800591d   Thumb Code     0  faddsub_clz.o(x$fpl$frsb)
    _frsb                                    0x0800591d   Thumb Code    20  faddsub_clz.o(x$fpl$frsb)
    __aeabi_fsub                             0x08005931   Thumb Code     0  faddsub_clz.o(x$fpl$fsub)
    _fsub                                    0x08005931   Thumb Code   234  faddsub_clz.o(x$fpl$fsub)
    _printf_fp_dec                           0x08005a1b   Thumb Code     4  printf1.o(x$fpl$printf1)
    AHBPrescTable                            0x08005a1e   Data          16  system_stm32f1xx.o(.constdata)
    __I$use$fp                               0x08005a1e   Number         0  usenofp.o(x$fpl$usenofp)
    APBPrescTable                            0x08005a2e   Data           8  system_stm32f1xx.o(.constdata)
    Region$$Table$$Base                      0x08005acc   Number         0  anon$$obj.o(Region$$Table)
    Region$$Table$$Limit                     0x08005aec   Number         0  anon$$obj.o(Region$$Table)
    uartSwitch                               0x20000000   Data           1  main.o(.data)
    sw                                       0x20000001   Data           1  main.o(.data)
    DCType                                   0x20000002   Data           1  main.o(.data)
    NetType                                  0x20000003   Data           1  main.o(.data)
    DC                                       0x20000004   Data           2  main.o(.data)
    differ                                   0x20000006   Data           2  main.o(.data)
    d                                        0x20000008   Data           4  main.o(.data)
    Res                                      0x2000000c   Data           4  main.o(.data)
    ResSample                                0x20000010   Data           4  main.o(.data)
    AveForwardAC                             0x20000014   Data           4  main.o(.data)
    AveBackAC                                0x20000018   Data           4  main.o(.data)
    CapFre                                   0x2000001c   Data           4  main.o(.data)
    Cap                                      0x20000020   Data           4  main.o(.data)
    Ind                                      0x20000024   Data           4  main.o(.data)
    IndFre                                   0x20000028   Data           4  main.o(.data)
    SystemCoreClock                          0x2000002c   Data           4  system_stm32f1xx.o(.data)
    __stdout                                 0x20000030   Data           4  usart.o(.data)
    USART_RX_STA                             0x20000034   Data           2  usart.o(.data)
    aRxBuffer                                0x20000036   Data           1  usart.o(.data)
    FreqWord                                 0x20000040   Data           6  ad9854_hal.o(.data)
    add                                      0x20000046   Data           2  ad9854_hal.o(.data)
    step_up                                  0x20000048   Data           2  ad9854_hal.o(.data)
    fund_fre_buf                             0x2000004c   Data           4  ad9854_hal.o(.data)
    amp_buf                                  0x20000050   Data           2  ad9854_hal.o(.data)
    modu_buf                                 0x20000052   Data           1  ad9854_hal.o(.data)
    BackAC                                   0x20000054   Data         400  main.o(.bss)
    ForwardAC                                0x200001e4   Data         400  main.o(.bss)
    CapAC                                    0x20000374   Data          80  main.o(.bss)
    USART_RX_BUF                             0x200003c4   Data         200  usart.o(.bss)
    UART1_Handler                            0x2000048c   Data          64  usart.o(.bss)
    ADC1_Handler                             0x200004cc   Data          48  adc.o(.bss)
    TIM3_Handler                             0x200004fc   Data          60  timer.o(.bss)
    TIM4_Handler                             0x20000538   Data          60  timer.o(.bss)
    __libspace_start                         0x20000574   Data          96  libspace.o(.bss)
    __temporary_stack_top$libspace           0x200005d4   Data           0  libspace.o(.bss)



==============================================================================

Memory Map of the image

  Image Entry point : 0x08000131

  Load Region LR_IROM1 (Base: 0x08000000, Size: 0x00005b5c, Max: 0x00080000, ABSOLUTE)

    Execution Region ER_IROM1 (Exec base: 0x08000000, Load base: 0x08000000, Size: 0x00005b08, Max: 0x00080000, ABSOLUTE)

    Exec Addr    Load Addr    Size         Type   Attr      Idx    E Section Name        Object

    0x08000000   0x08000000   0x00000130   Data   RO          614    RESET               startup_stm32f103xe.o
    0x08000130   0x08000130   0x00000008   Code   RO         7358  * !!!main             c_w.l(__main.o)
    0x08000138   0x08000138   0x00000034   Code   RO         7669    !!!scatter          c_w.l(__scatter.o)
    0x0800016c   0x0800016c   0x0000001a   Code   RO         7671    !!handler_copy      c_w.l(__scatter_copy.o)
    0x08000186   0x08000186   0x00000002   PAD
    0x08000188   0x08000188   0x0000001c   Code   RO         7673    !!handler_zi        c_w.l(__scatter_zi.o)
    0x080001a4   0x080001a4   0x00000000   Code   RO         7351    .ARM.Collect$$_printf_percent$$00000000  c_w.l(_printf_percent.o)
    0x080001a4   0x080001a4   0x00000006   Code   RO         7350    .ARM.Collect$$_printf_percent$$00000003  c_w.l(_printf_f.o)
    0x080001aa   0x080001aa   0x00000006   Code   RO         7349    .ARM.Collect$$_printf_percent$$00000009  c_w.l(_printf_d.o)
    0x080001b0   0x080001b0   0x00000004   Code   RO         7441    .ARM.Collect$$_printf_percent$$00000017  c_w.l(_printf_percent_end.o)
    0x080001b4   0x080001b4   0x00000002   Code   RO         7544    .ARM.Collect$$libinit$$00000000  c_w.l(libinit.o)
    0x080001b6   0x080001b6   0x00000000   Code   RO         7546    .ARM.Collect$$libinit$$00000002  c_w.l(libinit2.o)
    0x080001b6   0x080001b6   0x00000000   Code   RO         7548    .ARM.Collect$$libinit$$00000004  c_w.l(libinit2.o)
    0x080001b6   0x080001b6   0x00000000   Code   RO         7551    .ARM.Collect$$libinit$$0000000A  c_w.l(libinit2.o)
    0x080001b6   0x080001b6   0x00000000   Code   RO         7553    .ARM.Collect$$libinit$$0000000C  c_w.l(libinit2.o)
    0x080001b6   0x080001b6   0x00000000   Code   RO         7555    .ARM.Collect$$libinit$$0000000E  c_w.l(libinit2.o)
    0x080001b6   0x080001b6   0x00000006   Code   RO         7556    .ARM.Collect$$libinit$$0000000F  c_w.l(libinit2.o)
    0x080001bc   0x080001bc   0x00000000   Code   RO         7558    .ARM.Collect$$libinit$$00000011  c_w.l(libinit2.o)
    0x080001bc   0x080001bc   0x00000000   Code   RO         7560    .ARM.Collect$$libinit$$00000013  c_w.l(libinit2.o)
    0x080001bc   0x080001bc   0x00000000   Code   RO         7562    .ARM.Collect$$libinit$$00000015  c_w.l(libinit2.o)
    0x080001bc   0x080001bc   0x0000000a   Code   RO         7563    .ARM.Collect$$libinit$$00000016  c_w.l(libinit2.o)
    0x080001c6   0x080001c6   0x00000000   Code   RO         7564    .ARM.Collect$$libinit$$00000017  c_w.l(libinit2.o)
    0x080001c6   0x080001c6   0x00000000   Code   RO         7566    .ARM.Collect$$libinit$$00000019  c_w.l(libinit2.o)
    0x080001c6   0x080001c6   0x00000000   Code   RO         7568    .ARM.Collect$$libinit$$0000001B  c_w.l(libinit2.o)
    0x080001c6   0x080001c6   0x00000000   Code   RO         7570    .ARM.Collect$$libinit$$0000001D  c_w.l(libinit2.o)
    0x080001c6   0x080001c6   0x00000000   Code   RO         7572    .ARM.Collect$$libinit$$0000001F  c_w.l(libinit2.o)
    0x080001c6   0x080001c6   0x00000000   Code   RO         7574    .ARM.Collect$$libinit$$00000021  c_w.l(libinit2.o)
    0x080001c6   0x080001c6   0x00000000   Code   RO         7576    .ARM.Collect$$libinit$$00000023  c_w.l(libinit2.o)
    0x080001c6   0x080001c6   0x00000000   Code   RO         7578    .ARM.Collect$$libinit$$00000025  c_w.l(libinit2.o)
    0x080001c6   0x080001c6   0x00000000   Code   RO         7582    .ARM.Collect$$libinit$$0000002C  c_w.l(libinit2.o)
    0x080001c6   0x080001c6   0x00000000   Code   RO         7584    .ARM.Collect$$libinit$$0000002E  c_w.l(libinit2.o)
    0x080001c6   0x080001c6   0x00000000   Code   RO         7586    .ARM.Collect$$libinit$$00000030  c_w.l(libinit2.o)
    0x080001c6   0x080001c6   0x00000000   Code   RO         7588    .ARM.Collect$$libinit$$00000032  c_w.l(libinit2.o)
    0x080001c6   0x080001c6   0x00000002   Code   RO         7589    .ARM.Collect$$libinit$$00000033  c_w.l(libinit2.o)
    0x080001c8   0x080001c8   0x00000002   Code   RO         7631    .ARM.Collect$$libshutdown$$00000000  c_w.l(libshutdown.o)
    0x080001ca   0x080001ca   0x00000000   Code   RO         7650    .ARM.Collect$$libshutdown$$00000002  c_w.l(libshutdown2.o)
    0x080001ca   0x080001ca   0x00000000   Code   RO         7652    .ARM.Collect$$libshutdown$$00000004  c_w.l(libshutdown2.o)
    0x080001ca   0x080001ca   0x00000000   Code   RO         7654    .ARM.Collect$$libshutdown$$00000006  c_w.l(libshutdown2.o)
    0x080001ca   0x080001ca   0x00000000   Code   RO         7657    .ARM.Collect$$libshutdown$$00000009  c_w.l(libshutdown2.o)
    0x080001ca   0x080001ca   0x00000000   Code   RO         7660    .ARM.Collect$$libshutdown$$0000000C  c_w.l(libshutdown2.o)
    0x080001ca   0x080001ca   0x00000000   Code   RO         7662    .ARM.Collect$$libshutdown$$0000000E  c_w.l(libshutdown2.o)
    0x080001ca   0x080001ca   0x00000000   Code   RO         7665    .ARM.Collect$$libshutdown$$00000011  c_w.l(libshutdown2.o)
    0x080001ca   0x080001ca   0x00000002   Code   RO         7666    .ARM.Collect$$libshutdown$$00000012  c_w.l(libshutdown2.o)
    0x080001cc   0x080001cc   0x00000000   Code   RO         7428    .ARM.Collect$$rtentry$$00000000  c_w.l(__rtentry.o)
    0x080001cc   0x080001cc   0x00000000   Code   RO         7456    .ARM.Collect$$rtentry$$00000002  c_w.l(__rtentry2.o)
    0x080001cc   0x080001cc   0x00000006   Code   RO         7468    .ARM.Collect$$rtentry$$00000004  c_w.l(__rtentry4.o)
    0x080001d2   0x080001d2   0x00000000   Code   RO         7458    .ARM.Collect$$rtentry$$00000009  c_w.l(__rtentry2.o)
    0x080001d2   0x080001d2   0x00000004   Code   RO         7459    .ARM.Collect$$rtentry$$0000000A  c_w.l(__rtentry2.o)
    0x080001d6   0x080001d6   0x00000000   Code   RO         7461    .ARM.Collect$$rtentry$$0000000C  c_w.l(__rtentry2.o)
    0x080001d6   0x080001d6   0x00000008   Code   RO         7462    .ARM.Collect$$rtentry$$0000000D  c_w.l(__rtentry2.o)
    0x080001de   0x080001de   0x00000002   Code   RO         7590    .ARM.Collect$$rtexit$$00000000  c_w.l(rtexit.o)
    0x080001e0   0x080001e0   0x00000000   Code   RO         7603    .ARM.Collect$$rtexit$$00000002  c_w.l(rtexit2.o)
    0x080001e0   0x080001e0   0x00000004   Code   RO         7604    .ARM.Collect$$rtexit$$00000003  c_w.l(rtexit2.o)
    0x080001e4   0x080001e4   0x00000006   Code   RO         7605    .ARM.Collect$$rtexit$$00000004  c_w.l(rtexit2.o)
    0x080001ea   0x080001ea   0x00000002   PAD
    0x080001ec   0x080001ec   0x00000040   Code   RO          615    .text               startup_stm32f103xe.o
    0x0800022c   0x0800022c   0x00000002   Code   RO         7293    .text               c_w.l(use_no_semi_2.o)
    0x0800022e   0x0800022e   0x00000002   PAD
    0x08000230   0x08000230   0x00000018   Code   RO         7301    .text               c_w.l(noretval__2printf.o)
    0x08000248   0x08000248   0x00000068   Code   RO         7303    .text               c_w.l(__printf.o)
    0x080002b0   0x080002b0   0x00000078   Code   RO         7305    .text               c_w.l(_printf_dec.o)
    0x08000328   0x08000328   0x00000006   Code   RO         7356    .text               c_w.l(heapauxi.o)
    0x0800032e   0x0800032e   0x00000002   Code   RO         7426    .text               c_w.l(use_no_semi.o)
    0x08000330   0x08000330   0x00000016   Code   RO         7433    .text               c_w.l(_rserrno.o)
    0x08000346   0x08000346   0x000000b2   Code   RO         7435    .text               c_w.l(_printf_intcommon.o)
    0x080003f8   0x080003f8   0x0000041e   Code   RO         7437    .text               c_w.l(_printf_fp_dec.o)
    0x08000816   0x08000816   0x00000002   PAD
    0x08000818   0x08000818   0x00000024   Code   RO         7439    .text               c_w.l(_printf_char_file.o)
    0x0800083c   0x0800083c   0x00000008   Code   RO         7475    .text               c_w.l(rt_locale_intlibspace.o)
    0x08000844   0x08000844   0x00000008   Code   RO         7480    .text               c_w.l(rt_errno_addr_intlibspace.o)
    0x0800084c   0x0800084c   0x0000008a   Code   RO         7482    .text               c_w.l(lludiv10.o)
    0x080008d6   0x080008d6   0x00000002   PAD
    0x080008d8   0x080008d8   0x00000030   Code   RO         7484    .text               c_w.l(_printf_char_common.o)
    0x08000908   0x08000908   0x00000080   Code   RO         7486    .text               c_w.l(_printf_fp_infnan.o)
    0x08000988   0x08000988   0x000000e4   Code   RO         7488    .text               c_w.l(bigflt0.o)
    0x08000a6c   0x08000a6c   0x00000008   Code   RO         7513    .text               c_w.l(ferror.o)
    0x08000a74   0x08000a74   0x00000008   Code   RO         7524    .text               c_w.l(libspace.o)
    0x08000a7c   0x08000a7c   0x0000004a   Code   RO         7527    .text               c_w.l(sys_stackheap_outer.o)
    0x08000ac6   0x08000ac6   0x00000012   Code   RO         7531    .text               c_w.l(exit.o)
    0x08000ad8   0x08000ad8   0x00000080   Code   RO         7537    .text               c_w.l(strcmpv7m.o)
    0x08000b58   0x08000b58   0x0000003e   Code   RO         7491    CL$$btod_d2e        c_w.l(btod.o)
    0x08000b96   0x08000b96   0x00000046   Code   RO         7493    CL$$btod_d2e_denorm_low  c_w.l(btod.o)
    0x08000bdc   0x08000bdc   0x00000060   Code   RO         7492    CL$$btod_d2e_norm_op1  c_w.l(btod.o)
    0x08000c3c   0x08000c3c   0x00000338   Code   RO         7501    CL$$btod_div_common  c_w.l(btod.o)
    0x08000f74   0x08000f74   0x000000dc   Code   RO         7498    CL$$btod_e2e        c_w.l(btod.o)
    0x08001050   0x08001050   0x0000002a   Code   RO         7495    CL$$btod_ediv       c_w.l(btod.o)
    0x0800107a   0x0800107a   0x0000002a   Code   RO         7494    CL$$btod_emul       c_w.l(btod.o)
    0x080010a4   0x080010a4   0x00000244   Code   RO         7500    CL$$btod_mult_common  c_w.l(btod.o)
    0x080012e8   0x080012e8   0x00000074   Code   RO         7109    i.AD9854_SPI_GPIO_Init  ad9854_hal.o
    0x0800135c   0x0800135c   0x0000008c   Code   RO         7110    i.AD9854_SPI_Init   ad9854_hal.o
    0x080013e8   0x080013e8   0x0000007c   Code   RO         7111    i.AD9854_SPI_SetSine  ad9854_hal.o
    0x08001464   0x08001464   0x00000050   Code   RO         7112    i.AD9854_SPI_WR_Byte  ad9854_hal.o
    0x080014b4   0x080014b4   0x0000004c   Code   RO         6597    i.ADC1_Init         adc.o
    0x08001500   0x08001500   0x00000052   Code   RO          756    i.ADC_ConversionStop_Disable  stm32f1xx_hal_adc.o
    0x08001552   0x08001552   0x00000002   PAD
    0x08001554   0x08001554   0x00000084   Code   RO          760    i.ADC_Enable        stm32f1xx_hal_adc.o
    0x080015d8   0x080015d8   0x00000004   Code   RO          272    i.BusFault_Handler  stm32f1xx_it.o
    0x080015dc   0x080015dc   0x00000002   Code   RO          273    i.DebugMon_Handler  stm32f1xx_it.o
    0x080015de   0x080015de   0x0000000a   Code   RO         6648    i.EXTI0_IRQHandler  exti.o
    0x080015e8   0x080015e8   0x0000000a   Code   RO         6649    i.EXTI2_IRQHandler  exti.o
    0x080015f2   0x080015f2   0x0000000a   Code   RO         6650    i.EXTI3_IRQHandler  exti.o
    0x080015fc   0x080015fc   0x0000000a   Code   RO         6651    i.EXTI4_IRQHandler  exti.o
    0x08001606   0x08001606   0x00000002   PAD
    0x08001608   0x08001608   0x00000098   Code   RO         6652    i.EXTI_Init         exti.o
    0x080016a0   0x080016a0   0x00000060   Code   RO         7123    i.Freq_Convert      ad9854_hal.o
    0x08001700   0x08001700   0x0000005c   Code   RO         7270    i.GPIO_Init         gpio.o
    0x0800175c   0x0800175c   0x00000034   Code   RO         6599    i.Get_Adc           adc.o
    0x08001790   0x08001790   0x0000002e   Code   RO         6600    i.Get_Adc_Average   adc.o
    0x080017be   0x080017be   0x00000002   PAD
    0x080017c0   0x080017c0   0x00000104   Code   RO          936    i.HAL_ADCEx_Calibration_Start  stm32f1xx_hal_adc_ex.o
    0x080018c4   0x080018c4   0x000001c4   Code   RO          762    i.HAL_ADC_ConfigChannel  stm32f1xx_hal_adc.o
    0x08001a88   0x08001a88   0x00000008   Code   RO          769    i.HAL_ADC_GetValue  stm32f1xx_hal_adc.o
    0x08001a90   0x08001a90   0x00000184   Code   RO          771    i.HAL_ADC_Init      stm32f1xx_hal_adc.o
    0x08001c14   0x08001c14   0x0000008c   Code   RO         6601    i.HAL_ADC_MspInit   adc.o
    0x08001ca0   0x08001ca0   0x00000170   Code   RO          775    i.HAL_ADC_PollForConversion  stm32f1xx_hal_adc.o
    0x08001e10   0x08001e10   0x00000130   Code   RO          777    i.HAL_ADC_Start     stm32f1xx_hal_adc.o
    0x08001f40   0x08001f40   0x0000001a   Code   RO          629    i.HAL_Delay         stm32f1xx_hal.o
    0x08001f5a   0x08001f5a   0x00000002   PAD
    0x08001f5c   0x08001f5c   0x00000088   Code   RO         6653    i.HAL_GPIO_EXTI_Callback  exti.o
    0x08001fe4   0x08001fe4   0x0000001c   Code   RO         1878    i.HAL_GPIO_EXTI_IRQHandler  stm32f1xx_hal_gpio.o
    0x08002000   0x08002000   0x00000340   Code   RO         1879    i.HAL_GPIO_Init     stm32f1xx_hal_gpio.o
    0x08002340   0x08002340   0x00000010   Code   RO         1881    i.HAL_GPIO_ReadPin  stm32f1xx_hal_gpio.o
    0x08002350   0x08002350   0x0000000c   Code   RO         1883    i.HAL_GPIO_WritePin  stm32f1xx_hal_gpio.o
    0x0800235c   0x0800235c   0x0000000c   Code   RO          633    i.HAL_GetTick       stm32f1xx_hal.o
    0x08002368   0x08002368   0x00000010   Code   RO          634    i.HAL_IncTick       stm32f1xx_hal.o
    0x08002378   0x08002378   0x00000028   Code   RO          635    i.HAL_Init          stm32f1xx_hal.o
    0x080023a0   0x080023a0   0x00000024   Code   RO          636    i.HAL_InitTick      stm32f1xx_hal.o
    0x080023c4   0x080023c4   0x00000002   Code   RO          243    i.HAL_MspInit       stm32f1xx_hal_msp.o
    0x080023c6   0x080023c6   0x0000001a   Code   RO         1182    i.HAL_NVIC_EnableIRQ  stm32f1xx_hal_cortex.o
    0x080023e0   0x080023e0   0x0000007c   Code   RO         1188    i.HAL_NVIC_SetPriority  stm32f1xx_hal_cortex.o
    0x0800245c   0x0800245c   0x00000028   Code   RO         1189    i.HAL_NVIC_SetPriorityGrouping  stm32f1xx_hal_cortex.o
    0x08002484   0x08002484   0x00000164   Code   RO         3634    i.HAL_RCCEx_GetPeriphCLKFreq  stm32f1xx_hal_rcc_ex.o
    0x080025e8   0x080025e8   0x0000017c   Code   RO         3635    i.HAL_RCCEx_PeriphCLKConfig  stm32f1xx_hal_rcc_ex.o
    0x08002764   0x08002764   0x00000298   Code   RO         3532    i.HAL_RCC_ClockConfig  stm32f1xx_hal_rcc.o
    0x080029fc   0x080029fc   0x0000000c   Code   RO         3537    i.HAL_RCC_GetHCLKFreq  stm32f1xx_hal_rcc.o
    0x08002a08   0x08002a08   0x0000002c   Code   RO         3539    i.HAL_RCC_GetPCLK1Freq  stm32f1xx_hal_rcc.o
    0x08002a34   0x08002a34   0x0000002c   Code   RO         3540    i.HAL_RCC_GetPCLK2Freq  stm32f1xx_hal_rcc.o
    0x08002a60   0x08002a60   0x000000b4   Code   RO         3541    i.HAL_RCC_GetSysClockFreq  stm32f1xx_hal_rcc.o
    0x08002b14   0x08002b14   0x00000878   Code   RO         3544    i.HAL_RCC_OscConfig  stm32f1xx_hal_rcc.o
    0x0800338c   0x0800338c   0x00000028   Code   RO         1191    i.HAL_SYSTICK_CLKSourceConfig  stm32f1xx_hal_cortex.o
    0x080033b4   0x080033b4   0x00000034   Code   RO         1193    i.HAL_SYSTICK_Config  stm32f1xx_hal_cortex.o
    0x080033e8   0x080033e8   0x00000002   Code   RO         5407    i.HAL_TIMEx_BreakCallback  stm32f1xx_hal_tim_ex.o
    0x080033ea   0x080033ea   0x00000002   Code   RO         5408    i.HAL_TIMEx_CommutationCallback  stm32f1xx_hal_tim_ex.o
    0x080033ec   0x080033ec   0x00000002   Code   RO         4797    i.HAL_TIM_IC_CaptureCallback  stm32f1xx_hal_tim.o
    0x080033ee   0x080033ee   0x00000196   Code   RO         4810    i.HAL_TIM_IRQHandler  stm32f1xx_hal_tim.o
    0x08003584   0x08003584   0x00000002   Code   RO         4813    i.HAL_TIM_OC_DelayElapsedCallback  stm32f1xx_hal_tim.o
    0x08003586   0x08003586   0x00000002   Code   RO         4840    i.HAL_TIM_PWM_PulseFinishedCallback  stm32f1xx_hal_tim.o
    0x08003588   0x08003588   0x00000010   Code   RO         7041    i.HAL_TIM_PeriodElapsedCallback  timer.o
    0x08003598   0x08003598   0x00000002   Code   RO         4851    i.HAL_TIM_TriggerCallback  stm32f1xx_hal_tim.o
    0x0800359a   0x0800359a   0x00000002   Code   RO         5652    i.HAL_UART_ErrorCallback  stm32f1xx_hal_uart.o
    0x0800359c   0x0800359c   0x00000008   Code   RO         5654    i.HAL_UART_GetState  stm32f1xx_hal_uart.o
    0x080035a4   0x080035a4   0x000000da   Code   RO         5655    i.HAL_UART_IRQHandler  stm32f1xx_hal_uart.o
    0x0800367e   0x0800367e   0x0000006e   Code   RO         5656    i.HAL_UART_Init     stm32f1xx_hal_uart.o
    0x080036ec   0x080036ec   0x000000a8   Code   RO          460    i.HAL_UART_MspInit  usart.o
    0x08003794   0x08003794   0x00000086   Code   RO         5661    i.HAL_UART_Receive_IT  stm32f1xx_hal_uart.o
    0x0800381a   0x0800381a   0x00000002   PAD
    0x0800381c   0x0800381c   0x00000088   Code   RO          461    i.HAL_UART_RxCpltCallback  usart.o
    0x080038a4   0x080038a4   0x00000002   Code   RO         5667    i.HAL_UART_TxCpltCallback  stm32f1xx_hal_uart.o
    0x080038a6   0x080038a6   0x00000004   Code   RO          274    i.HardFault_Handler  stm32f1xx_it.o
    0x080038aa   0x080038aa   0x00000004   Code   RO          275    i.MemManage_Handler  stm32f1xx_it.o
    0x080038ae   0x080038ae   0x00000002   Code   RO          276    i.NMI_Handler       stm32f1xx_it.o
    0x080038b0   0x080038b0   0x00000010   Code   RO         1195    i.NVIC_GetPriorityGrouping  stm32f1xx_hal_cortex.o
    0x080038c0   0x080038c0   0x00000028   Code   RO         1196    i.NVIC_SetPriority  stm32f1xx_hal_cortex.o
    0x080038e8   0x080038e8   0x00000002   Code   RO          277    i.PendSV_Handler    stm32f1xx_it.o
    0x080038ea   0x080038ea   0x00000002   Code   RO          278    i.SVC_Handler       stm32f1xx_it.o
    0x080038ec   0x080038ec   0x00000056   Code   RO          528    i.Stm32_Clock_Init  sys.o
    0x08003942   0x08003942   0x00000008   Code   RO          279    i.SysTick_Handler   stm32f1xx_it.o
    0x0800394a   0x0800394a   0x00000002   PAD
    0x0800394c   0x0800394c   0x00000058   Code   RO          348    i.SystemInit        system_stm32f1xx.o
    0x080039a4   0x080039a4   0x00000010   Code   RO         7042    i.TIM3_IRQHandler   timer.o
    0x080039b4   0x080039b4   0x00000010   Code   RO         7044    i.TIM4_IRQHandler   timer.o
    0x080039c4   0x080039c4   0x00000030   Code   RO         5674    i.UART_EndTransmit_IT  stm32f1xx_hal_uart.o
    0x080039f4   0x080039f4   0x000000bc   Code   RO         5675    i.UART_Receive_IT   stm32f1xx_hal_uart.o
    0x08003ab0   0x08003ab0   0x000001c8   Code   RO         5676    i.UART_SetConfig    stm32f1xx_hal_uart.o
    0x08003c78   0x08003c78   0x00000070   Code   RO         5677    i.UART_Transmit_IT  stm32f1xx_hal_uart.o
    0x08003ce8   0x08003ce8   0x00000040   Code   RO          462    i.USART1_IRQHandler  usart.o
    0x08003d28   0x08003d28   0x00000004   Code   RO          280    i.UsageFault_Handler  stm32f1xx_it.o
    0x08003d2c   0x08003d2c   0x00000028   Code   RO         7522    i.__ARM_fpclassify  m_ws.l(fpclassify.o)
    0x08003d54   0x08003d54   0x00000004   Code   RO          463    i._sys_exit         usart.o
    0x08003d58   0x08003d58   0x00000014   Code   RO          574    i.delay_init        delay.o
    0x08003d6c   0x08003d6c   0x00000018   Code   RO          575    i.delay_ms          delay.o
    0x08003d84   0x08003d84   0x00000048   Code   RO          576    i.delay_us          delay.o
    0x08003dcc   0x08003dcc   0x0000001c   Code   RO          464    i.fputc             usart.o
    0x08003de8   0x08003de8   0x0000097c   Code   RO            4    i.main              main.o
    0x08004764   0x08004764   0x0000004c   Code   RO         7419    i.sqrt              m_ws.l(sqrt.o)
    0x080047b0   0x080047b0   0x0000013c   Code   RO            5    i.trend_judge       main.o
    0x080048ec   0x080048ec   0x00000038   Code   RO          465    i.uart_init         usart.o
    0x08004924   0x08004924   0x0000002c   Code   RO         7518    locale$$code        c_w.l(lc_numeric_c.o)
    0x08004950   0x08004950   0x00000062   Code   RO         7360    x$fpl$d2f           fz_ws.l(d2f.o)
    0x080049b2   0x080049b2   0x00000002   PAD
    0x080049b4   0x080049b4   0x00000150   Code   RO         7362    x$fpl$dadd          fz_ws.l(daddsub_clz.o)
    0x08004b04   0x08004b04   0x00000018   Code   RO         7442    x$fpl$dcmpinf       fz_ws.l(dcmpi.o)
    0x08004b1c   0x08004b1c   0x000002b0   Code   RO         7369    x$fpl$ddiv          fz_ws.l(ddiv.o)
    0x08004dcc   0x08004dcc   0x00000026   Code   RO         7380    x$fpl$dfltu         fz_ws.l(dflt_clz.o)
    0x08004df2   0x08004df2   0x00000002   PAD
    0x08004df4   0x08004df4   0x00000078   Code   RO         7386    x$fpl$dleqf         fz_ws.l(dleqf.o)
    0x08004e6c   0x08004e6c   0x00000154   Code   RO         7388    x$fpl$dmul          fz_ws.l(dmul.o)
    0x08004fc0   0x08004fc0   0x0000009c   Code   RO         7444    x$fpl$dnaninf       fz_ws.l(dnaninf.o)
    0x0800505c   0x0800505c   0x0000000c   Code   RO         7446    x$fpl$dretinf       fz_ws.l(dretinf.o)
    0x08005068   0x08005068   0x0000006c   Code   RO         7390    x$fpl$drleqf        fz_ws.l(drleqf.o)
    0x080050d4   0x080050d4   0x00000016   Code   RO         7363    x$fpl$drsb          fz_ws.l(daddsub_clz.o)
    0x080050ea   0x080050ea   0x00000002   PAD
    0x080050ec   0x080050ec   0x000001cc   Code   RO         7448    x$fpl$dsqrt         fz_ws.l(dsqrt_noumaal.o)
    0x080052b8   0x080052b8   0x000001d4   Code   RO         7364    x$fpl$dsub          fz_ws.l(daddsub_clz.o)
    0x0800548c   0x0800548c   0x00000056   Code   RO         7392    x$fpl$f2d           fz_ws.l(f2d.o)
    0x080054e2   0x080054e2   0x00000002   PAD
    0x080054e4   0x080054e4   0x000000c4   Code   RO         7394    x$fpl$fadd          fz_ws.l(faddsub_clz.o)
    0x080055a8   0x080055a8   0x00000184   Code   RO         7401    x$fpl$fdiv          fz_ws.l(fdiv.o)
    0x0800572c   0x0800572c   0x00000030   Code   RO         7409    x$fpl$fflt          fz_ws.l(fflt_clz.o)
    0x0800575c   0x0800575c   0x00000026   Code   RO         7408    x$fpl$ffltu         fz_ws.l(fflt_clz.o)
    0x08005782   0x08005782   0x00000002   PAD
    0x08005784   0x08005784   0x00000102   Code   RO         7414    x$fpl$fmul          fz_ws.l(fmul.o)
    0x08005886   0x08005886   0x0000008c   Code   RO         7450    x$fpl$fnaninf       fz_ws.l(fnaninf.o)
    0x08005912   0x08005912   0x0000000a   Code   RO         7452    x$fpl$fretinf       fz_ws.l(fretinf.o)
    0x0800591c   0x0800591c   0x00000014   Code   RO         7395    x$fpl$frsb          fz_ws.l(faddsub_clz.o)
    0x08005930   0x08005930   0x000000ea   Code   RO         7396    x$fpl$fsub          fz_ws.l(faddsub_clz.o)
    0x08005a1a   0x08005a1a   0x00000004   Code   RO         7416    x$fpl$printf1       fz_ws.l(printf1.o)
    0x08005a1e   0x08005a1e   0x00000000   Code   RO         7454    x$fpl$usenofp       fz_ws.l(usenofp.o)
    0x08005a1e   0x08005a1e   0x00000018   Data   RO          349    .constdata          system_stm32f1xx.o
    0x08005a36   0x08005a36   0x00000002   PAD
    0x08005a38   0x08005a38   0x00000094   Data   RO         7489    .constdata          c_w.l(bigflt0.o)
    0x08005acc   0x08005acc   0x00000020   Data   RO         7667    Region$$Table       anon$$obj.o
    0x08005aec   0x08005aec   0x0000001c   Data   RO         7517    locale$$data        c_w.l(lc_numeric_c.o)


    Execution Region RW_IRAM1 (Exec base: 0x20000000, Load base: 0x08005b08, Size: 0x000045d8, Max: 0x00010000, ABSOLUTE)

    Exec Addr    Load Addr    Size         Type   Attr      Idx    E Section Name        Object

    0x20000000   0x08005b08   0x0000002c   Data   RW            7    .data               main.o
    0x2000002c   0x08005b34   0x00000004   Data   RW          350    .data               system_stm32f1xx.o
    0x20000030   0x08005b38   0x00000007   Data   RW          467    .data               usart.o
    0x20000037   0x08005b3f   0x00000001   PAD
    0x20000038   0x08005b40   0x00000004   Data   RW          577    .data               delay.o
    0x2000003c   0x08005b44   0x00000004   Data   RW          641    .data               stm32f1xx_hal.o
    0x20000040   0x08005b48   0x00000013   Data   RW         7126    .data               ad9854_hal.o
    0x20000053   0x08005b5b   0x00000001   PAD
    0x20000054        -       0x00000370   Zero   RW            6    .bss                main.o
    0x200003c4        -       0x00000108   Zero   RW          466    .bss                usart.o
    0x200004cc        -       0x00000030   Zero   RW         6602    .bss                adc.o
    0x200004fc        -       0x00000078   Zero   RW         7046    .bss                timer.o
    0x20000574        -       0x00000060   Zero   RW         7525    .bss                c_w.l(libspace.o)
    0x200005d4   0x08005b5b   0x00000004   PAD
    0x200005d8        -       0x00002000   Zero   RW          613    HEAP                startup_stm32f103xe.o
    0x200025d8        -       0x00002000   Zero   RW          612    STACK               startup_stm32f103xe.o


==============================================================================

Image component sizes


      Code (inc. data)   RO Data    RW Data    ZI Data      Debug   Object Name

       556         46          0         19          0       4188   ad9854_hal.o
       314         24          0          0         48       3169   adc.o
       116          8          0          4          0       1991   delay.o
       328         58          0          0          0       3729   exti.o
        92          8          0          0          0        904   gpio.o
      2744        586          0         44        880     525406   main.o
        64         26        304          0      16384        832   startup_stm32f103xe.o
       130         16          0          4          0       3850   stm32f1xx_hal.o
      1734         66          0          0          0       6660   stm32f1xx_hal_adc.o
       260          4          0          0          0       1550   stm32f1xx_hal_adc_ex.o
       338         22          0          0          0      26937   stm32f1xx_hal_cortex.o
       888         46          0          0          0       4262   stm32f1xx_hal_gpio.o
         2          0          0          0          0        462   stm32f1xx_hal_msp.o
      3112        100          0          0          0       5996   stm32f1xx_hal_rcc.o
       736         46          0          0          0       2461   stm32f1xx_hal_rcc_ex.o
       414          0          0          0          0       3686   stm32f1xx_hal_tim.o
         4          0          0          0          0       1622   stm32f1xx_hal_tim_ex.o
      1278          6          0          0          0       7475   stm32f1xx_hal_uart.o
        32          0          0          0          0       4182   stm32f1xx_it.o
        86          0          0          0          0       2627   sys.o
        88         18         24          4          0       1235   system_stm32f1xx.o
        48         18          0          0        120       2235   timer.o
       456         52          0          7        264       5505   usart.o

    ----------------------------------------------------------------------
     13832       1150        362         84      17696     620964   Object Totals
         0          0         32          0          0          0   (incl. Generated)
        12          0          2          2          0          0   (incl. Padding)

    ----------------------------------------------------------------------

      Code (inc. data)   RO Data    RW Data    ZI Data      Debug   Library Member Name

         8          0          0          0          0         68   __main.o
       104          0          0          0          0         84   __printf.o
         0          0          0          0          0          0   __rtentry.o
        12          0          0          0          0          0   __rtentry2.o
         6          0          0          0          0          0   __rtentry4.o
        52          8          0          0          0          0   __scatter.o
        26          0          0          0          0          0   __scatter_copy.o
        28          0          0          0          0          0   __scatter_zi.o
        48          6          0          0          0         96   _printf_char_common.o
        36          4          0          0          0         80   _printf_char_file.o
         6          0          0          0          0          0   _printf_d.o
       120         16          0          0          0         92   _printf_dec.o
         6          0          0          0          0          0   _printf_f.o
      1054          0          0          0          0        216   _printf_fp_dec.o
       128         16          0          0          0         84   _printf_fp_infnan.o
       178          0          0          0          0         88   _printf_intcommon.o
         0          0          0          0          0          0   _printf_percent.o
         4          0          0          0          0          0   _printf_percent_end.o
        22          0          0          0          0        100   _rserrno.o
       228          4        148          0          0         96   bigflt0.o
      1936        128          0          0          0        672   btod.o
        18          0          0          0          0         80   exit.o
         8          0          0          0          0         68   ferror.o
         6          0          0          0          0        152   heapauxi.o
        44         10         28          0          0         76   lc_numeric_c.o
         2          0          0          0          0          0   libinit.o
        18          0          0          0          0          0   libinit2.o
         2          0          0          0          0          0   libshutdown.o
         2          0          0          0          0          0   libshutdown2.o
         8          4          0          0         96         68   libspace.o
       138          0          0          0          0         80   lludiv10.o
        24          4          0          0          0         84   noretval__2printf.o
         8          4          0          0          0         68   rt_errno_addr_intlibspace.o
         8          4          0          0          0         68   rt_locale_intlibspace.o
         2          0          0          0          0          0   rtexit.o
        10          0          0          0          0          0   rtexit2.o
       128          0          0          0          0         68   strcmpv7m.o
        74          0          0          0          0         80   sys_stackheap_outer.o
         2          0          0          0          0         68   use_no_semi.o
         2          0          0          0          0         68   use_no_semi_2.o
        98          4          0          0          0         92   d2f.o
       826         16          0          0          0        348   daddsub_clz.o
        24          0          0          0          0         68   dcmpi.o
       688        140          0          0          0        208   ddiv.o
        38          0          0          0          0         68   dflt_clz.o
       120          4          0          0          0         92   dleqf.o
       340         12          0          0          0        104   dmul.o
       156          4          0          0          0         92   dnaninf.o
        12          0          0          0          0         68   dretinf.o
       108          0          0          0          0         80   drleqf.o
       460         56          0          0          0        120   dsqrt_noumaal.o
        86          4          0          0          0         84   f2d.o
       450          8          0          0          0        236   faddsub_clz.o
       388         76          0          0          0         96   fdiv.o
        86          0          0          0          0        136   fflt_clz.o
       258          4          0          0          0         84   fmul.o
       140          4          0          0          0         84   fnaninf.o
        10          0          0          0          0         68   fretinf.o
         4          0          0          0          0         68   printf1.o
         0          0          0          0          0          0   usenofp.o
        40          0          0          0          0         68   fpclassify.o
        76          0          0          0          0         84   sqrt.o

    ----------------------------------------------------------------------
      8934        540        176          0        100       5052   Library Totals
        20          0          0          0          4          0   (incl. Padding)

    ----------------------------------------------------------------------

      Code (inc. data)   RO Data    RW Data    ZI Data      Debug   Library Name

      4506        208        176          0         96       2704   c_w.l
      4292        332          0          0          0       2196   fz_ws.l
       116          0          0          0          0        152   m_ws.l

    ----------------------------------------------------------------------
      8934        540        176          0        100       5052   Library Totals

    ----------------------------------------------------------------------

==============================================================================


      Code (inc. data)   RO Data    RW Data    ZI Data      Debug   

     22766       1690        538         84      17796     618732   Grand Totals
     22766       1690        538         84      17796     618732   ELF Image Totals
     22766       1690        538         84          0          0   ROM Totals

==============================================================================

    Total RO  Size (Code + RO Data)                23304 (  22.76kB)
    Total RW  Size (RW Data + ZI Data)             17880 (  17.46kB)
    Total ROM Size (Code + RO Data + RW Data)      23388 (  22.84kB)

==============================================================================

