<html>
<body>
<pre>
<h1>µVision Build Log</h1>
<h2>Tool Versions:</h2>
IDE-Version: ¦ÌVision V5.34.0.0
Copyright (C) 2021 ARM Ltd and ARM Germany GmbH. All rights reserved.
License Information: skr skr, as, LIC=FYKYW-Q3LLQ-PC1J8-3TA5L-U6XJ3-MTQM7
 
Tool Versions:
Toolchain:       MDK-ARM Plus  Version: 5.34.0.0
Toolchain Path:  C:\Keil_v5\ARM\ARMCC\Bin
C Compiler:      Armcc.exe V5.06 update 7 (build 960)
Assembler:       Armasm.exe V5.06 update 7 (build 960)
Linker/Locator:  ArmLink.exe V5.06 update 7 (build 960)
Library Manager: ArmAr.exe V5.06 update 7 (build 960)
Hex Converter:   FromElf.exe V5.06 update 7 (build 960)
CPU DLL:         SARMCM3.DLL V5.34.0.0
Dialog DLL:      DCM.DLL V1.17.3.0
Target DLL:      Segger\JL2CM3.dll V2.99.38.0
Dialog DLL:      TCM.DLL V1.48.0.0
 
<h2>Project:</h2>
C:\skr\project\2021electronic_design_competiton\practice_in_summer_vacation\load_fault_detection\code\load_fault_detection.uvprojx
Project File Date:  07/15/2021

<h2>Output:</h2>
*** Using Compiler 'V5.06 update 7 (build 960)', folder: 'C:\Keil_v5\ARM\ARMCC\Bin'
Build target 'Target 1'
compiling lv_disp.c...
compiling lv_refr.c...
compiling lv_group.c...
compiling lv_style.c...
compiling lv_indev.c...
compiling lv_draw_arc.c...
compiling lv_img_decoder.c...
compiling lv_draw_img.c...
compiling lv_draw_blend.c...
compiling lv_obj.c...
GUI\lvgl\src\lv_core\lv_obj.c(4599): warning:  #111-D: statement is unreachable
              break;
GUI\lvgl\src\lv_core\lv_obj.c: 1 warning, 0 errors
compiling lv_draw_label.c...
compiling lv_draw_triangle.c...
compiling lv_draw_line.c...
compiling lv_draw_mask.c...
GUI\lvgl\src\lv_draw\lv_draw_mask.c(339): warning:  #111-D: statement is unreachable
          return;
GUI\lvgl\src\lv_draw\lv_draw_mask.c(350): warning:  #111-D: statement is unreachable
          return;
GUI\lvgl\src\lv_draw\lv_draw_mask.c: 2 warnings, 0 errors
compiling lv_img_cache.c...
compiling lv_img_buf.c...
compiling lv_font.c...
compiling lv_draw_rect.c...
compiling lv_font_fmt_txt.c...
GUI\lvgl\src\lv_font\lv_font_fmt_txt.c(132): warning:  #111-D: statement is unreachable
      return NULL;
GUI\lvgl\src\lv_font\lv_font_fmt_txt.c: 1 warning, 0 errors
compiling lv_font_dejavu_16_persian_hebrew.c...
compiling lv_font_montserrat_8.c...
compiling lv_font_loader.c...
compiling lv_font_montserrat_10.c...
compiling lv_font_montserrat_12.c...
compiling lv_font_montserrat_12_subpx.c...
compiling lv_font_montserrat_14.c...
compiling lv_font_montserrat_16.c...
compiling lv_font_montserrat_18.c...
compiling lv_font_montserrat_20.c...
compiling lv_font_montserrat_22.c...
compiling lv_font_montserrat_26.c...
compiling lv_font_montserrat_24.c...
compiling lv_font_montserrat_28_compressed.c...
compiling lv_font_montserrat_28.c...
compiling lv_font_montserrat_30.c...
compiling lv_font_montserrat_32.c...
compiling lv_font_montserrat_36.c...
compiling lv_font_montserrat_34.c...
compiling lv_font_montserrat_38.c...
compiling lv_font_montserrat_40.c...
compiling lv_font_montserrat_44.c...
compiling lv_font_montserrat_42.c...
compiling lv_font_montserrat_46.c...
compiling lv_font_montserrat_48.c...
compiling lv_hal_disp.c...
compiling lv_font_unscii_8.c...
compiling lv_font_unscii_16.c...
compiling lv_font_simsun_16_cjk.c...
compiling lv_hal_tick.c...
compiling lv_hal_indev.c...
compiling lv_async.c...
compiling lv_area.c...
compiling lv_bidi.c...
compiling lv_anim.c...
compiling lv_color.c...
compiling lv_debug.c...
compiling lv_fs.c...
compiling lv_ll.c...
compiling lv_log.c...
compiling lv_gc.c...
compiling lv_math.c...
compiling lv_mem.c...
GUI\lvgl\src\lv_misc\lv_mem.c(511): warning:  #111-D: statement is unreachable
                  return NULL;
GUI\lvgl\src\lv_misc\lv_mem.c(521): warning:  #111-D: statement is unreachable
      return NULL;
GUI\lvgl\src\lv_misc\lv_mem.c: 2 warnings, 0 errors
compiling lv_printf.c...
compiling lv_utils.c...
compiling lv_txt_ap.c...
compiling lv_task.c...
compiling lv_txt.c...
compiling lv_theme.c...
compiling lv_theme_empty.c...
compiling timer.c...
compiling main.c...
compiling lv_theme_template.c...
compiling lv_arc.c...
compiling lv_theme_mono.c...
compiling lv_btn.c...
compiling lv_bar.c...
compiling lv_theme_material.c...
compiling lv_calendar.c...
GUI\lvgl\src\lv_widgets\lv_calendar.c(447): warning:  #111-D: statement is unreachable
          return LV_RES_OK;
GUI\lvgl\src\lv_widgets\lv_calendar.c: 1 warning, 0 errors
compiling lv_btnmatrix.c...
compiling lv_checkbox.c...
compiling lv_canvas.c...
compiling lv_cont.c...
compiling lv_cpicker.c...
compiling lv_chart.c...
compiling lv_dropdown.c...
compiling lv_imgbtn.c...
compiling lv_gauge.c...
compiling lv_keyboard.c...
compiling lv_img.c...
compiling lv_led.c...
compiling lv_line.c...
compiling lv_objx_templ.c...
compiling lv_label.c...
compiling lv_linemeter.c...
compiling lv_msgbox.c...
compiling lv_list.c...
compiling lv_objmask.c...
compiling lv_roller.c...
compiling lv_page.c...
compiling lv_spinner.c...
compiling lv_slider.c...
compiling lv_spinbox.c...
compiling lv_switch.c...
compiling lv_tabview.c...
compiling lv_table.c...
compiling lv_tileview.c...
compiling lv_win.c...
compiling lv_textarea.c...
compiling lv_demo_widgets.c...
compiling lv_port_disp.c...
linking...
Program Size: Code=228020 RO-data=16340 RW-data=668 ZI-data=56028  
FromELF: creating hex file...
".\Obj\handwrite_board_code.axf" - 0 Error(s), 7 Warning(s).

<h2>Software Packages used:</h2>

Package Vendor: Keil
                http://www.keil.com/pack/Keil.STM32F1xx_DFP.1.1.0.pack
                Keil.STM32F1xx_DFP.1.1.0
                STMicroelectronics STM32F1 Series Device Support, Drivers and Examples

<h2>Collection of Component include folders:</h2>
  C:\Users\skr\AppData\Local\Arm\Packs\Keil\STM32F1xx_DFP\1.1.0\Device\Include

<h2>Collection of Component Files used:</h2>
Build Time Elapsed:  00:00:12
</pre>
</body>
</html>
